Archive member included to satisfy reference by file (symbol)

c:/st/stm32cubeide_1.9.0/stm32cubeide/plugins/com.st.stm32cube.ide.mcu.externaltools.gnu-tools-for-stm32.10.3-2021.10.win32_1.0.0.202111181127/tools/bin/../lib/gcc/arm-none-eabi/10.3.1/../../../../arm-none-eabi/lib/thumb/v7e-m+fp/hard\libc_nano.a(lib_a-errno.o)
                              ./Core/Src/syscalls.o (__errno)
c:/st/stm32cubeide_1.9.0/stm32cubeide/plugins/com.st.stm32cube.ide.mcu.externaltools.gnu-tools-for-stm32.10.3-2021.10.win32_1.0.0.202111181127/tools/bin/../lib/gcc/arm-none-eabi/10.3.1/../../../../arm-none-eabi/lib/thumb/v7e-m+fp/hard\libc_nano.a(lib_a-exit.o)
                              c:/st/stm32cubeide_1.9.0/stm32cubeide/plugins/com.st.stm32cube.ide.mcu.externaltools.gnu-tools-for-stm32.10.3-2021.10.win32_1.0.0.202111181127/tools/bin/../lib/gcc/arm-none-eabi/10.3.1/../../../../arm-none-eabi/lib/thumb/v7e-m+fp/hard/crt0.o (exit)
c:/st/stm32cubeide_1.9.0/stm32cubeide/plugins/com.st.stm32cube.ide.mcu.externaltools.gnu-tools-for-stm32.10.3-2021.10.win32_1.0.0.202111181127/tools/bin/../lib/gcc/arm-none-eabi/10.3.1/../../../../arm-none-eabi/lib/thumb/v7e-m+fp/hard\libc_nano.a(lib_a-impure.o)
                              c:/st/stm32cubeide_1.9.0/stm32cubeide/plugins/com.st.stm32cube.ide.mcu.externaltools.gnu-tools-for-stm32.10.3-2021.10.win32_1.0.0.202111181127/tools/bin/../lib/gcc/arm-none-eabi/10.3.1/../../../../arm-none-eabi/lib/thumb/v7e-m+fp/hard\libc_nano.a(lib_a-exit.o) (_global_impure_ptr)
c:/st/stm32cubeide_1.9.0/stm32cubeide/plugins/com.st.stm32cube.ide.mcu.externaltools.gnu-tools-for-stm32.10.3-2021.10.win32_1.0.0.202111181127/tools/bin/../lib/gcc/arm-none-eabi/10.3.1/../../../../arm-none-eabi/lib/thumb/v7e-m+fp/hard\libc_nano.a(lib_a-init.o)
                              c:/st/stm32cubeide_1.9.0/stm32cubeide/plugins/com.st.stm32cube.ide.mcu.externaltools.gnu-tools-for-stm32.10.3-2021.10.win32_1.0.0.202111181127/tools/bin/../lib/gcc/arm-none-eabi/10.3.1/../../../../arm-none-eabi/lib/thumb/v7e-m+fp/hard/crt0.o (__libc_init_array)
c:/st/stm32cubeide_1.9.0/stm32cubeide/plugins/com.st.stm32cube.ide.mcu.externaltools.gnu-tools-for-stm32.10.3-2021.10.win32_1.0.0.202111181127/tools/bin/../lib/gcc/arm-none-eabi/10.3.1/../../../../arm-none-eabi/lib/thumb/v7e-m+fp/hard\libc_nano.a(lib_a-memcpy-stub.o)
                              ./Middlewares/Third_Party/FreeRTOS/Source/CMSIS_RTOS_V2/cmsis_os2.o (memcpy)
c:/st/stm32cubeide_1.9.0/stm32cubeide/plugins/com.st.stm32cube.ide.mcu.externaltools.gnu-tools-for-stm32.10.3-2021.10.win32_1.0.0.202111181127/tools/bin/../lib/gcc/arm-none-eabi/10.3.1/../../../../arm-none-eabi/lib/thumb/v7e-m+fp/hard\libc_nano.a(lib_a-memset.o)
                              c:/st/stm32cubeide_1.9.0/stm32cubeide/plugins/com.st.stm32cube.ide.mcu.externaltools.gnu-tools-for-stm32.10.3-2021.10.win32_1.0.0.202111181127/tools/bin/../lib/gcc/arm-none-eabi/10.3.1/../../../../arm-none-eabi/lib/thumb/v7e-m+fp/hard/crt0.o (memset)
c:/st/stm32cubeide_1.9.0/stm32cubeide/plugins/com.st.stm32cube.ide.mcu.externaltools.gnu-tools-for-stm32.10.3-2021.10.win32_1.0.0.202111181127/tools/bin/../lib/gcc/arm-none-eabi/10.3.1/thumb/v7e-m+fp/hard\libgcc.a(_aeabi_uldivmod.o)
                              ./Drivers/STM32L4xx_HAL_Driver/Src/stm32l4xx_hal_uart.o (__aeabi_uldivmod)
c:/st/stm32cubeide_1.9.0/stm32cubeide/plugins/com.st.stm32cube.ide.mcu.externaltools.gnu-tools-for-stm32.10.3-2021.10.win32_1.0.0.202111181127/tools/bin/../lib/gcc/arm-none-eabi/10.3.1/thumb/v7e-m+fp/hard\libgcc.a(_udivmoddi4.o)
                              c:/st/stm32cubeide_1.9.0/stm32cubeide/plugins/com.st.stm32cube.ide.mcu.externaltools.gnu-tools-for-stm32.10.3-2021.10.win32_1.0.0.202111181127/tools/bin/../lib/gcc/arm-none-eabi/10.3.1/thumb/v7e-m+fp/hard\libgcc.a(_aeabi_uldivmod.o) (__udivmoddi4)
c:/st/stm32cubeide_1.9.0/stm32cubeide/plugins/com.st.stm32cube.ide.mcu.externaltools.gnu-tools-for-stm32.10.3-2021.10.win32_1.0.0.202111181127/tools/bin/../lib/gcc/arm-none-eabi/10.3.1/thumb/v7e-m+fp/hard\libgcc.a(_dvmd_tls.o)
                              c:/st/stm32cubeide_1.9.0/stm32cubeide/plugins/com.st.stm32cube.ide.mcu.externaltools.gnu-tools-for-stm32.10.3-2021.10.win32_1.0.0.202111181127/tools/bin/../lib/gcc/arm-none-eabi/10.3.1/thumb/v7e-m+fp/hard\libgcc.a(_aeabi_uldivmod.o) (__aeabi_ldiv0)

Discarded input sections

 .text          0x0000000000000000        0x0 c:/st/stm32cubeide_1.9.0/stm32cubeide/plugins/com.st.stm32cube.ide.mcu.externaltools.gnu-tools-for-stm32.10.3-2021.10.win32_1.0.0.202111181127/tools/bin/../lib/gcc/arm-none-eabi/10.3.1/thumb/v7e-m+fp/hard/crti.o
 .data          0x0000000000000000        0x0 c:/st/stm32cubeide_1.9.0/stm32cubeide/plugins/com.st.stm32cube.ide.mcu.externaltools.gnu-tools-for-stm32.10.3-2021.10.win32_1.0.0.202111181127/tools/bin/../lib/gcc/arm-none-eabi/10.3.1/thumb/v7e-m+fp/hard/crti.o
[...]
Memory Configuration

Name             Origin             Length             Attributes
RAM              0x0000000020000000 0x0000000000018000 xrw
RAM2             0x0000000010000000 0x0000000000008000 xrw
FLASH            0x0000000008000000 0x0000000000100000 xr
*default*        0x0000000000000000 0xffffffffffffffff

Linker script and memory map

LOAD c:/st/stm32cubeide_1.9.0/stm32cubeide/plugins/com.st.stm32cube.ide.mcu.externaltools.gnu-tools-for-stm32.10.3-2021.10.win32_1.0.0.202111181127/tools/bin/../lib/gcc/arm-none-eabi/10.3.1/thumb/v7e-m+fp/hard/crti.o
LOAD c:/st/stm32cubeide_1.9.0/stm32cubeide/plugins/com.st.stm32cube.ide.mcu.externaltools.gnu-tools-for-stm32.10.3-2021.10.win32_1.0.0.202111181127/tools/bin/../lib/gcc/arm-none-eabi/10.3.1/thumb/v7e-m+fp/hard/crtbegin.o
LOAD c:/st/stm32cubeide_1.9.0/stm32cubeide/plugins/com.st.stm32cube.ide.mcu.externaltools.gnu-tools-for-stm32.10.3-2021.10.win32_1.0.0.202111181127/tools/bin/../lib/gcc/arm-none-eabi/10.3.1/../../../../arm-none-eabi/lib/thumb/v7e-m+fp/hard/crt0.o
LOAD ./Core/Src/freertos.o
LOAD ./Core/Src/main.o
LOAD ./Core/Src/stm32l4xx_hal_msp.o
LOAD ./Core/Src/stm32l4xx_hal_timebase_tim.o
LOAD ./Core/Src/stm32l4xx_it.o
LOAD ./Core/Src/syscalls.o
LOAD ./Core/Src/sysmem.o
LOAD ./Core/Src/system_stm32l4xx.o
LOAD ./Core/Startup/startup_stm32l476zgtx.o
LOAD ./Drivers/STM32L4xx_HAL_Driver/Src/stm32l4xx_hal.o
LOAD ./Drivers/STM32L4xx_HAL_Driver/Src/stm32l4xx_hal_adc.o
LOAD ./Drivers/STM32L4xx_HAL_Driver/Src/stm32l4xx_hal_adc_ex.o
LOAD ./Drivers/STM32L4xx_HAL_Driver/Src/stm32l4xx_hal_can.o
LOAD ./Drivers/STM32L4xx_HAL_Driver/Src/stm32l4xx_hal_comp.o
LOAD ./Drivers/STM32L4xx_HAL_Driver/Src/stm32l4xx_hal_cortex.o
LOAD ./Drivers/STM32L4xx_HAL_Driver/Src/stm32l4xx_hal_dac.o
LOAD ./Drivers/STM32L4xx_HAL_Driver/Src/stm32l4xx_hal_dac_ex.o
LOAD ./Drivers/STM32L4xx_HAL_Driver/Src/stm32l4xx_hal_dma.o
LOAD ./Drivers/STM32L4xx_HAL_Driver/Src/stm32l4xx_hal_dma_ex.o
LOAD ./Drivers/STM32L4xx_HAL_Driver/Src/stm32l4xx_hal_exti.o
LOAD ./Drivers/STM32L4xx_HAL_Driver/Src/stm32l4xx_hal_flash.o
LOAD ./Drivers/STM32L4xx_HAL_Driver/Src/stm32l4xx_hal_flash_ex.o
LOAD ./Drivers/STM32L4xx_HAL_Driver/Src/stm32l4xx_hal_flash_ramfunc.o
LOAD ./Drivers/STM32L4xx_HAL_Driver/Src/stm32l4xx_hal_gpio.o
LOAD ./Drivers/STM32L4xx_HAL_Driver/Src/stm32l4xx_hal_hcd.o
LOAD ./Drivers/STM32L4xx_HAL_Driver/Src/stm32l4xx_hal_i2c.o
LOAD ./Drivers/STM32L4xx_HAL_Driver/Src/stm32l4xx_hal_i2c_ex.o
LOAD ./Drivers/STM32L4xx_HAL_Driver/Src/stm32l4xx_hal_nor.o
LOAD ./Drivers/STM32L4xx_HAL_Driver/Src/stm32l4xx_hal_opamp.o
LOAD ./Drivers/STM32L4xx_HAL_Driver/Src/stm32l4xx_hal_opamp_ex.o
LOAD ./Drivers/STM32L4xx_HAL_Driver/Src/stm32l4xx_hal_pwr.o
LOAD ./Drivers/STM32L4xx_HAL_Driver/Src/stm32l4xx_hal_pwr_ex.o
LOAD ./Drivers/STM32L4xx_HAL_Driver/Src/stm32l4xx_hal_rcc.o
LOAD ./Drivers/STM32L4xx_HAL_Driver/Src/stm32l4xx_hal_rcc_ex.o
LOAD ./Drivers/STM32L4xx_HAL_Driver/Src/stm32l4xx_hal_sai.o
LOAD ./Drivers/STM32L4xx_HAL_Driver/Src/stm32l4xx_hal_sai_ex.o
LOAD ./Drivers/STM32L4xx_HAL_Driver/Src/stm32l4xx_hal_sd.o
LOAD ./Drivers/STM32L4xx_HAL_Driver/Src/stm32l4xx_hal_sd_ex.o
LOAD ./Drivers/STM32L4xx_HAL_Driver/Src/stm32l4xx_hal_smartcard.o
LOAD ./Drivers/STM32L4xx_HAL_Driver/Src/stm32l4xx_hal_smartcard_ex.o
LOAD ./Drivers/STM32L4xx_HAL_Driver/Src/stm32l4xx_hal_spi.o
LOAD ./Drivers/STM32L4xx_HAL_Driver/Src/stm32l4xx_hal_spi_ex.o
LOAD ./Drivers/STM32L4xx_HAL_Driver/Src/stm32l4xx_hal_sram.o
LOAD ./Drivers/STM32L4xx_HAL_Driver/Src/stm32l4xx_hal_tim.o
LOAD ./Drivers/STM32L4xx_HAL_Driver/Src/stm32l4xx_hal_tim_ex.o
LOAD ./Drivers/STM32L4xx_HAL_Driver/Src/stm32l4xx_hal_uart.o
LOAD ./Drivers/STM32L4xx_HAL_Driver/Src/stm32l4xx_hal_uart_ex.o
LOAD ./Drivers/STM32L4xx_HAL_Driver/Src/stm32l4xx_ll_fmc.o
LOAD ./Drivers/STM32L4xx_HAL_Driver/Src/stm32l4xx_ll_sdmmc.o
LOAD ./Drivers/STM32L4xx_HAL_Driver/Src/stm32l4xx_ll_usb.o
LOAD ./Middlewares/Third_Party/FreeRTOS/Source/CMSIS_RTOS_V2/cmsis_os2.o
LOAD ./Middlewares/Third_Party/FreeRTOS/Source/croutine.o
LOAD ./Middlewares/Third_Party/FreeRTOS/Source/event_groups.o
LOAD ./Middlewares/Third_Party/FreeRTOS/Source/list.o
LOAD ./Middlewares/Third_Party/FreeRTOS/Source/queue.o
LOAD ./Middlewares/Third_Party/FreeRTOS/Source/stream_buffer.o
LOAD ./Middlewares/Third_Party/FreeRTOS/Source/tasks.o
LOAD ./Middlewares/Third_Party/FreeRTOS/Source/timers.o
LOAD ./Middlewares/Third_Party/FreeRTOS/Source/portable/GCC/ARM_CM4F/port.o
LOAD ./Middlewares/Third_Party/FreeRTOS/Source/portable/MemMang/heap_4.o
START GROUP
LOAD c:/st/stm32cubeide_1.9.0/stm32cubeide/plugins/com.st.stm32cube.ide.mcu.externaltools.gnu-tools-for-stm32.10.3-2021.10.win32_1.0.0.202111181127/tools/bin/../lib/gcc/arm-none-eabi/10.3.1/../../../../arm-none-eabi/lib/thumb/v7e-m+fp/hard\libc_nano.a
LOAD c:/st/stm32cubeide_1.9.0/stm32cubeide/plugins/com.st.stm32cube.ide.mcu.externaltools.gnu-tools-for-stm32.10.3-2021.10.win32_1.0.0.202111181127/tools/bin/../lib/gcc/arm-none-eabi/10.3.1/../../../../arm-none-eabi/lib/thumb/v7e-m+fp/hard\libm.a
END GROUP
START GROUP
LOAD c:/st/stm32cubeide_1.9.0/stm32cubeide/plugins/com.st.stm32cube.ide.mcu.externaltools.gnu-tools-for-stm32.10.3-2021.10.win32_1.0.0.202111181127/tools/bin/../lib/gcc/arm-none-eabi/10.3.1/thumb/v7e-m+fp/hard\libgcc.a
LOAD c:/st/stm32cubeide_1.9.0/stm32cubeide/plugins/com.st.stm32cube.ide.mcu.externaltools.gnu-tools-for-stm32.10.3-2021.10.win32_1.0.0.202111181127/tools/bin/../lib/gcc/arm-none-eabi/10.3.1/../../../../arm-none-eabi/lib/thumb/v7e-m+fp/hard\libc_nano.a
END GROUP
START GROUP
LOAD c:/st/stm32cubeide_1.9.0/stm32cubeide/plugins/com.st.stm32cube.ide.mcu.externaltools.gnu-tools-for-stm32.10.3-2021.10.win32_1.0.0.202111181127/tools/bin/../lib/gcc/arm-none-eabi/10.3.1/thumb/v7e-m+fp/hard\libgcc.a
LOAD c:/st/stm32cubeide_1.9.0/stm32cubeide/plugins/com.st.stm32cube.ide.mcu.externaltools.gnu-tools-for-stm32.10.3-2021.10.win32_1.0.0.202111181127/tools/bin/../lib/gcc/arm-none-eabi/10.3.1/../../../../arm-none-eabi/lib/thumb/v7e-m+fp/hard\libc_nano.a
LOAD c:/st/stm32cubeide_1.9.0/stm32cubeide/plugins/com.st.stm32cube.ide.mcu.externaltools.gnu-tools-for-stm32.10.3-2021.10.win32_1.0.0.202111181127/tools/bin/../lib/gcc/arm-none-eabi/10.3.1/../../../../arm-none-eabi/lib/thumb/v7e-m+fp/hard\libnosys.a
END GROUP
START GROUP
LOAD c:/st/stm32cubeide_1.9.0/stm32cubeide/plugins/com.st.stm32cube.ide.mcu.externaltools.gnu-tools-for-stm32.10.3-2021.10.win32_1.0.0.202111181127/tools/bin/../lib/gcc/arm-none-eabi/10.3.1/thumb/v7e-m+fp/hard\libgcc.a
LOAD c:/st/stm32cubeide_1.9.0/stm32cubeide/plugins/com.st.stm32cube.ide.mcu.externaltools.gnu-tools-for-stm32.10.3-2021.10.win32_1.0.0.202111181127/tools/bin/../lib/gcc/arm-none-eabi/10.3.1/../../../../arm-none-eabi/lib/thumb/v7e-m+fp/hard\libc_nano.a
LOAD c:/st/stm32cubeide_1.9.0/stm32cubeide/plugins/com.st.stm32cube.ide.mcu.externaltools.gnu-tools-for-stm32.10.3-2021.10.win32_1.0.0.202111181127/tools/bin/../lib/gcc/arm-none-eabi/10.3.1/../../../../arm-none-eabi/lib/thumb/v7e-m+fp/hard\libnosys.a
END GROUP
LOAD c:/st/stm32cubeide_1.9.0/stm32cubeide/plugins/com.st.stm32cube.ide.mcu.externaltools.gnu-tools-for-stm32.10.3-2021.10.win32_1.0.0.202111181127/tools/bin/../lib/gcc/arm-none-eabi/10.3.1/thumb/v7e-m+fp/hard/crtend.o
LOAD c:/st/stm32cubeide_1.9.0/stm32cubeide/plugins/com.st.stm32cube.ide.mcu.externaltools.gnu-tools-for-stm32.10.3-2021.10.win32_1.0.0.202111181127/tools/bin/../lib/gcc/arm-none-eabi/10.3.1/thumb/v7e-m+fp/hard/crtn.o
                0x0000000020018000                _estack = (ORIGIN (RAM) + LENGTH (RAM))
                0x0000000000000200                _Min_Heap_Size = 0x200
                0x0000000000000400                _Min_Stack_Size = 0x400

.isr_vector     0x0000000008000000      0x188
                0x0000000008000000                . = ALIGN (0x4)
 *(.isr_vector)
 .isr_vector    0x0000000008000000      0x188 ./Core/Startup/startup_stm32l476zgtx.o
                0x0000000008000000                g_pfnVectors
                0x0000000008000188                . = ALIGN (0x4)

.text           0x0000000008000190     0xd978
                0x0000000008000190                . = ALIGN (0x4)
 *(.text)
 .text          0x0000000008000190       0x40 c:/st/stm32cubeide_1.9.0/stm32cubeide/plugins/com.st.stm32cube.ide.mcu.externaltools.gnu-tools-for-stm32.10.3-2021.10.win32_1.0.0.202111181127/tools/bin/../lib/gcc/arm-none-eabi/10.3.1/thumb/v7e-m+fp/hard/crtbegin.o
 .text          0x00000000080001d0       0x30 c:/st/stm32cubeide_1.9.0/stm32cubeide/plugins/com.st.stm32cube.ide.mcu.externaltools.gnu-tools-for-stm32.10.3-2021.10.win32_1.0.0.202111181127/tools/bin/../lib/gcc/arm-none-eabi/10.3.1/thumb/v7e-m+fp/hard\libgcc.a(_aeabi_uldivmod.o)
                0x00000000080001d0                __aeabi_uldivmod
 .text          0x0000000008000200      0x2d0 c:/st/stm32cubeide_1.9.0/stm32cubeide/plugins/com.st.stm32cube.ide.mcu.externaltools.gnu-tools-for-stm32.10.3-2021.10.win32_1.0.0.202111181127/tools/bin/../lib/gcc/arm-none-eabi/10.3.1/thumb/v7e-m+fp/hard\libgcc.a(_udivmoddi4.o)
                0x0000000008000200                __udivmoddi4
 .text          0x00000000080004d0        0x4 c:/st/stm32cubeide_1.9.0/stm32cubeide/plugins/com.st.stm32cube.ide.mcu.externaltools.gnu-tools-for-stm32.10.3-2021.10.win32_1.0.0.202111181127/tools/bin/../lib/gcc/arm-none-eabi/10.3.1/thumb/v7e-m+fp/hard\libgcc.a(_dvmd_tls.o)
                0x00000000080004d0                __aeabi_idiv0
                0x00000000080004d0                __aeabi_ldiv0
 *(.text*)
 .text.main     0x00000000080004d4       0x90 ./Core/Src/main.o
                0x00000000080004d4                main
 .text.SystemClock_Config
                0x0000000008000564       0x9e ./Core/Src/main.o
                0x0000000008000564                SystemClock_Config
 *fill*         0x0000000008000602        0x2 
 .text.PeriphCommonClock_Config
                0x0000000008000604       0x5c ./Core/Src/main.o
                0x0000000008000604                PeriphCommonClock_Config
 .text.MX_ADC1_Init
                0x0000000008000660       0xec ./Core/Src/main.o
 .text.MX_CAN1_Init
                0x000000000800074c       0x6c ./Core/Src/main.o
 .text.MX_COMP2_Init
                0x00000000080007b8       0x5c ./Core/Src/main.o
 .text.MX_DAC1_Init
                0x0000000008000814       0x64 ./Core/Src/main.o
 .text.MX_I2C1_Init
                0x0000000008000878       0x80 ./Core/Src/main.o
 .text.MX_LPUART1_UART_Init
                0x00000000080008f8       0x5c ./Core/Src/main.o
 .text.MX_USART1_UART_Init
                0x0000000008000954       0x60 ./Core/Src/main.o
 .text.MX_USART3_SMARTCARD_Init
                0x00000000080009b4       0x94 ./Core/Src/main.o
 .text.MX_OPAMP1_Init
                0x0000000008000a48       0x4c ./Core/Src/main.o
 .text.MX_SAI1_Init
                0x0000000008000a94      0x10c ./Core/Src/main.o
 .text.MX_SDMMC1_SD_Init
                0x0000000008000ba0       0x60 ./Core/Src/main.o
 .text.MX_SPI2_Init
                0x0000000008000c00       0x7c ./Core/Src/main.o
 .text.MX_USB_OTG_FS_HCD_Init
                0x0000000008000c7c       0x44 ./Core/Src/main.o
 .text.MX_FMC_Init
                0x0000000008000cc0      0x150 ./Core/Src/main.o
 .text.MX_GPIO_Init
                0x0000000008000e10      0x1fc ./Core/Src/main.o
 .text.StartBlink01
                0x000000000800100c       0x20 ./Core/Src/main.o
                0x000000000800100c                StartBlink01
 .text.StartBlink02
                0x000000000800102c       0x20 ./Core/Src/main.o
                0x000000000800102c                StartBlink02
 .text.HAL_TIM_PeriodElapsedCallback
                0x000000000800104c       0x24 ./Core/Src/main.o
                0x000000000800104c                HAL_TIM_PeriodElapsedCallback
 .text.Error_Handler
                0x0000000008001070        0xa ./Core/Src/main.o
                0x0000000008001070                Error_Handler
 *fill*         0x000000000800107a        0x2 
 .text.HAL_MspInit
                0x000000000800107c       0x50 ./Core/Src/stm32l4xx_hal_msp.o
                0x000000000800107c                HAL_MspInit
 .text.HAL_ADC_MspInit
                0x00000000080010cc       0xb0 ./Core/Src/stm32l4xx_hal_msp.o
                0x00000000080010cc                HAL_ADC_MspInit
 .text.HAL_CAN_MspInit
                0x000000000800117c       0x88 ./Core/Src/stm32l4xx_hal_msp.o
                0x000000000800117c                HAL_CAN_MspInit
 .text.HAL_COMP_MspInit
                0x0000000008001204       0x88 ./Core/Src/stm32l4xx_hal_msp.o
                0x0000000008001204                HAL_COMP_MspInit
 .text.HAL_DAC_MspInit
                0x000000000800128c       0x8c ./Core/Src/stm32l4xx_hal_msp.o
                0x000000000800128c                HAL_DAC_MspInit
 .text.HAL_I2C_MspInit
                0x0000000008001318       0xc0 ./Core/Src/stm32l4xx_hal_msp.o
                0x0000000008001318                HAL_I2C_MspInit
 .text.HAL_UART_MspInit
                0x00000000080013d8      0x194 ./Core/Src/stm32l4xx_hal_msp.o
                0x00000000080013d8                HAL_UART_MspInit
 .text.HAL_SMARTCARD_MspInit
                0x000000000800156c      0x100 ./Core/Src/stm32l4xx_hal_msp.o
                0x000000000800156c                HAL_SMARTCARD_MspInit
 .text.HAL_OPAMP_MspInit
                0x000000000800166c       0x7c ./Core/Src/stm32l4xx_hal_msp.o
                0x000000000800166c                HAL_OPAMP_MspInit
 .text.HAL_SD_MspInit
                0x00000000080016e8      0x108 ./Core/Src/stm32l4xx_hal_msp.o
                0x00000000080016e8                HAL_SD_MspInit
 .text.HAL_SPI_MspInit
                0x00000000080017f0       0x88 ./Core/Src/stm32l4xx_hal_msp.o
                0x00000000080017f0                HAL_SPI_MspInit
 .text.HAL_HCD_MspInit
                0x0000000008001878      0x128 ./Core/Src/stm32l4xx_hal_msp.o
                0x0000000008001878                HAL_HCD_MspInit
 .text.HAL_FMC_MspInit
                0x00000000080019a0       0xdc ./Core/Src/stm32l4xx_hal_msp.o
 .text.HAL_NOR_MspInit
                0x0000000008001a7c       0x14 ./Core/Src/stm32l4xx_hal_msp.o
                0x0000000008001a7c                HAL_NOR_MspInit
 .text.HAL_SRAM_MspInit
                0x0000000008001a90       0x14 ./Core/Src/stm32l4xx_hal_msp.o
                0x0000000008001a90                HAL_SRAM_MspInit
 .text.HAL_SAI_MspInit
                0x0000000008001aa4       0xd4 ./Core/Src/stm32l4xx_hal_msp.o
                0x0000000008001aa4                HAL_SAI_MspInit
 .text.HAL_InitTick
                0x0000000008001b78       0xac ./Core/Src/stm32l4xx_hal_timebase_tim.o
                0x0000000008001b78                HAL_InitTick
 .text.NMI_Handler
                0x0000000008001c24        0x6 ./Core/Src/stm32l4xx_it.o
                0x0000000008001c24                NMI_Handler
 .text.HardFault_Handler
                0x0000000008001c2a        0x6 ./Core/Src/stm32l4xx_it.o
                0x0000000008001c2a                HardFault_Handler
 .text.MemManage_Handler
                0x0000000008001c30        0x6 ./Core/Src/stm32l4xx_it.o
                0x0000000008001c30                MemManage_Handler
 .text.BusFault_Handler
                0x0000000008001c36        0x6 ./Core/Src/stm32l4xx_it.o
                0x0000000008001c36                BusFault_Handler
 .text.UsageFault_Handler
                0x0000000008001c3c        0x6 ./Core/Src/stm32l4xx_it.o
                0x0000000008001c3c                UsageFault_Handler
 .text.DebugMon_Handler
                0x0000000008001c42        0xe ./Core/Src/stm32l4xx_it.o
                0x0000000008001c42                DebugMon_Handler
 .text.TIM6_DAC_IRQHandler
                0x0000000008001c50       0x14 ./Core/Src/stm32l4xx_it.o
                0x0000000008001c50                TIM6_DAC_IRQHandler
 .text.TIM7_IRQHandler
                0x0000000008001c64       0x14 ./Core/Src/stm32l4xx_it.o
                0x0000000008001c64                TIM7_IRQHandler
 .text.OTG_FS_IRQHandler
                0x0000000008001c78       0x14 ./Core/Src/stm32l4xx_it.o
                0x0000000008001c78                OTG_FS_IRQHandler
 .text.SystemInit
                0x0000000008001c8c       0x24 ./Core/Src/system_stm32l4xx.o
                0x0000000008001c8c                SystemInit
 .text.Reset_Handler
                0x0000000008001cb0       0x50 ./Core/Startup/startup_stm32l476zgtx.o
                0x0000000008001cb0                Reset_Handler
 .text.Default_Handler
                0x0000000008001d00        0x2 ./Core/Startup/startup_stm32l476zgtx.o
                0x0000000008001d00                RTC_Alarm_IRQHandler
                0x0000000008001d00                EXTI2_IRQHandler
                0x0000000008001d00                TIM8_TRG_COM_IRQHandler
                0x0000000008001d00                TIM8_CC_IRQHandler
                0x0000000008001d00                TIM1_CC_IRQHandler
                0x0000000008001d00                TSC_IRQHandler
                0x0000000008001d00                TAMP_STAMP_IRQHandler
                0x0000000008001d00                EXTI3_IRQHandler
                0x0000000008001d00                LPTIM2_IRQHandler
                0x0000000008001d00                DFSDM1_FLT1_IRQHandler
                0x0000000008001d00                I2C3_ER_IRQHandler
                0x0000000008001d00                DFSDM1_FLT2_IRQHandler
                0x0000000008001d00                EXTI0_IRQHandler
                0x0000000008001d00                I2C2_EV_IRQHandler
                0x0000000008001d00                CAN1_RX0_IRQHandler
                0x0000000008001d00                FPU_IRQHandler
                0x0000000008001d00                TIM1_UP_TIM16_IRQHandler
                0x0000000008001d00                ADC1_2_IRQHandler
                0x0000000008001d00                SPI1_IRQHandler
                0x0000000008001d00                TIM8_UP_IRQHandler
                0x0000000008001d00                DMA2_Channel2_IRQHandler
                0x0000000008001d00                DMA1_Channel4_IRQHandler
                0x0000000008001d00                SAI2_IRQHandler
                0x0000000008001d00                DFSDM1_FLT3_IRQHandler
                0x0000000008001d00                USART3_IRQHandler
                0x0000000008001d00                DMA1_Channel7_IRQHandler
                0x0000000008001d00                CAN1_RX1_IRQHandler
                0x0000000008001d00                LCD_IRQHandler
                0x0000000008001d00                UART5_IRQHandler
                0x0000000008001d00                ADC3_IRQHandler
                0x0000000008001d00                TIM4_IRQHandler
                0x0000000008001d00                DMA2_Channel1_IRQHandler
                0x0000000008001d00                QUADSPI_IRQHandler
                0x0000000008001d00                I2C1_EV_IRQHandler
                0x0000000008001d00                DMA1_Channel6_IRQHandler
                0x0000000008001d00                UART4_IRQHandler
                0x0000000008001d00                DMA2_Channel4_IRQHandler
                0x0000000008001d00                TIM3_IRQHandler
                0x0000000008001d00                RCC_IRQHandler
                0x0000000008001d00                DMA1_Channel1_IRQHandler
                0x0000000008001d00                Default_Handler
                0x0000000008001d00                DMA2_Channel7_IRQHandler
                0x0000000008001d00                EXTI15_10_IRQHandler
                0x0000000008001d00                SDMMC1_IRQHandler
                0x0000000008001d00                TIM5_IRQHandler
                0x0000000008001d00                I2C3_EV_IRQHandler
                0x0000000008001d00                EXTI9_5_IRQHandler
                0x0000000008001d00                RTC_WKUP_IRQHandler
                0x0000000008001d00                PVD_PVM_IRQHandler
                0x0000000008001d00                SPI2_IRQHandler
                0x0000000008001d00                CAN1_TX_IRQHandler
                0x0000000008001d00                DMA2_Channel5_IRQHandler
                0x0000000008001d00                DMA1_Channel5_IRQHandler
                0x0000000008001d00                EXTI4_IRQHandler
                0x0000000008001d00                RNG_IRQHandler
                0x0000000008001d00                TIM1_TRG_COM_TIM17_IRQHandler
                0x0000000008001d00                DMA1_Channel3_IRQHandler
                0x0000000008001d00                COMP_IRQHandler
                0x0000000008001d00                WWDG_IRQHandler
                0x0000000008001d00                LPUART1_IRQHandler
                0x0000000008001d00                DMA2_Channel6_IRQHandler
                0x0000000008001d00                TIM2_IRQHandler
                0x0000000008001d00                EXTI1_IRQHandler
                0x0000000008001d00                USART2_IRQHandler
                0x0000000008001d00                DFSDM1_FLT0_IRQHandler
                0x0000000008001d00                I2C2_ER_IRQHandler
                0x0000000008001d00                DMA1_Channel2_IRQHandler
                0x0000000008001d00                TIM8_BRK_IRQHandler
                0x0000000008001d00                CAN1_SCE_IRQHandler
                0x0000000008001d00                FLASH_IRQHandler
                0x0000000008001d00                USART1_IRQHandler
                0x0000000008001d00                SPI3_IRQHandler
                0x0000000008001d00                I2C1_ER_IRQHandler
                0x0000000008001d00                FMC_IRQHandler
                0x0000000008001d00                SWPMI1_IRQHandler
                0x0000000008001d00                LPTIM1_IRQHandler
                0x0000000008001d00                SAI1_IRQHandler
                0x0000000008001d00                DMA2_Channel3_IRQHandler
                0x0000000008001d00                TIM1_BRK_TIM15_IRQHandler
 .text.HAL_Init
                0x0000000008001d02       0x30 ./Drivers/STM32L4xx_HAL_Driver/Src/stm32l4xx_hal.o
                0x0000000008001d02                HAL_Init
 *fill*         0x0000000008001d32        0x2 
 .text.HAL_IncTick
                0x0000000008001d34       0x28 ./Drivers/STM32L4xx_HAL_Driver/Src/stm32l4xx_hal.o
                0x0000000008001d34                HAL_IncTick
 .text.HAL_GetTick
                0x0000000008001d5c       0x18 ./Drivers/STM32L4xx_HAL_Driver/Src/stm32l4xx_hal.o
                0x0000000008001d5c                HAL_GetTick
 .text.HAL_Delay
                0x0000000008001d74       0x48 ./Drivers/STM32L4xx_HAL_Driver/Src/stm32l4xx_hal.o
                0x0000000008001d74                HAL_Delay
 .text.LL_ADC_SetCommonClock
                0x0000000008001dbc       0x26 ./Drivers/STM32L4xx_HAL_Driver/Src/stm32l4xx_hal_adc.o
 .text.LL_ADC_SetCommonPathInternalCh
                0x0000000008001de2       0x26 ./Drivers/STM32L4xx_HAL_Driver/Src/stm32l4xx_hal_adc.o
 .text.LL_ADC_GetCommonPathInternalCh
                0x0000000008001e08       0x1c ./Drivers/STM32L4xx_HAL_Driver/Src/stm32l4xx_hal_adc.o
 .text.LL_ADC_SetOffset
                0x0000000008001e24       0x48 ./Drivers/STM32L4xx_HAL_Driver/Src/stm32l4xx_hal_adc.o
 .text.LL_ADC_GetOffsetChannel
                0x0000000008001e6c       0x2c ./Drivers/STM32L4xx_HAL_Driver/Src/stm32l4xx_hal_adc.o
 .text.LL_ADC_SetOffsetState
                0x0000000008001e98       0x36 ./Drivers/STM32L4xx_HAL_Driver/Src/stm32l4xx_hal_adc.o
 .text.LL_ADC_REG_SetSequencerRanks
                0x0000000008001ece       0x58 ./Drivers/STM32L4xx_HAL_Driver/Src/stm32l4xx_hal_adc.o
 .text.LL_ADC_SetChannelSamplingTime
                0x0000000008001f26       0x56 ./Drivers/STM32L4xx_HAL_Driver/Src/stm32l4xx_hal_adc.o
 .text.LL_ADC_SetChannelSingleDiff
                0x0000000008001f7c       0x48 ./Drivers/STM32L4xx_HAL_Driver/Src/stm32l4xx_hal_adc.o
 .text.LL_ADC_DisableDeepPowerDown
                0x0000000008001fc4       0x24 ./Drivers/STM32L4xx_HAL_Driver/Src/stm32l4xx_hal_adc.o
 .text.LL_ADC_IsDeepPowerDownEnabled
                0x0000000008001fe8       0x28 ./Drivers/STM32L4xx_HAL_Driver/Src/stm32l4xx_hal_adc.o
 .text.LL_ADC_EnableInternalRegulator
                0x0000000008002010       0x28 ./Drivers/STM32L4xx_HAL_Driver/Src/stm32l4xx_hal_adc.o
 .text.LL_ADC_IsInternalRegulatorEnabled
                0x0000000008002038       0x28 ./Drivers/STM32L4xx_HAL_Driver/Src/stm32l4xx_hal_adc.o
 .text.LL_ADC_IsEnabled
                0x0000000008002060       0x26 ./Drivers/STM32L4xx_HAL_Driver/Src/stm32l4xx_hal_adc.o
 .text.LL_ADC_REG_IsConversionOngoing
                0x0000000008002086       0x26 ./Drivers/STM32L4xx_HAL_Driver/Src/stm32l4xx_hal_adc.o
 .text.LL_ADC_INJ_IsConversionOngoing
                0x00000000080020ac       0x26 ./Drivers/STM32L4xx_HAL_Driver/Src/stm32l4xx_hal_adc.o
 *fill*         0x00000000080020d2        0x2 
 .text.HAL_ADC_Init
                0x00000000080020d4      0x2ac ./Drivers/STM32L4xx_HAL_Driver/Src/stm32l4xx_hal_adc.o
                0x00000000080020d4                HAL_ADC_Init
 .text.HAL_ADC_ConfigChannel
                0x0000000008002380      0x7e0 ./Drivers/STM32L4xx_HAL_Driver/Src/stm32l4xx_hal_adc.o
                0x0000000008002380                HAL_ADC_ConfigChannel
 .text.LL_ADC_IsEnabled
                0x0000000008002b60       0x26 ./Drivers/STM32L4xx_HAL_Driver/Src/stm32l4xx_hal_adc_ex.o
 .text.LL_ADC_REG_IsConversionOngoing
                0x0000000008002b86       0x26 ./Drivers/STM32L4xx_HAL_Driver/Src/stm32l4xx_hal_adc_ex.o
 .text.HAL_ADCEx_MultiModeConfigChannel
                0x0000000008002bac      0x160 ./Drivers/STM32L4xx_HAL_Driver/Src/stm32l4xx_hal_adc_ex.o
                0x0000000008002bac                HAL_ADCEx_MultiModeConfigChannel
 .text.HAL_CAN_Init
                0x0000000008002d0c      0x1f6 ./Drivers/STM32L4xx_HAL_Driver/Src/stm32l4xx_hal_can.o
                0x0000000008002d0c                HAL_CAN_Init
 *fill*         0x0000000008002f02        0x2 
 .text.LL_EXTI_EnableIT_0_31
                0x0000000008002f04       0x24 ./Drivers/STM32L4xx_HAL_Driver/Src/stm32l4xx_hal_comp.o
 .text.LL_EXTI_DisableIT_0_31
                0x0000000008002f28       0x28 ./Drivers/STM32L4xx_HAL_Driver/Src/stm32l4xx_hal_comp.o
 .text.LL_EXTI_EnableEvent_0_31
                0x0000000008002f50       0x24 ./Drivers/STM32L4xx_HAL_Driver/Src/stm32l4xx_hal_comp.o
 .text.LL_EXTI_DisableEvent_0_31
                0x0000000008002f74       0x28 ./Drivers/STM32L4xx_HAL_Driver/Src/stm32l4xx_hal_comp.o
 .text.LL_EXTI_EnableRisingTrig_0_31
                0x0000000008002f9c       0x24 ./Drivers/STM32L4xx_HAL_Driver/Src/stm32l4xx_hal_comp.o
 .text.LL_EXTI_DisableRisingTrig_0_31
                0x0000000008002fc0       0x28 ./Drivers/STM32L4xx_HAL_Driver/Src/stm32l4xx_hal_comp.o
 .text.LL_EXTI_EnableFallingTrig_0_31
                0x0000000008002fe8       0x24 ./Drivers/STM32L4xx_HAL_Driver/Src/stm32l4xx_hal_comp.o
 .text.LL_EXTI_DisableFallingTrig_0_31
                0x000000000800300c       0x28 ./Drivers/STM32L4xx_HAL_Driver/Src/stm32l4xx_hal_comp.o
 .text.LL_EXTI_ClearFlag_0_31
                0x0000000008003034       0x20 ./Drivers/STM32L4xx_HAL_Driver/Src/stm32l4xx_hal_comp.o
 .text.HAL_COMP_Init
                0x0000000008003054      0x1e4 ./Drivers/STM32L4xx_HAL_Driver/Src/stm32l4xx_hal_comp.o
                0x0000000008003054                HAL_COMP_Init
 .text.__NVIC_SetPriorityGrouping
                0x0000000008003238       0x48 ./Drivers/STM32L4xx_HAL_Driver/Src/stm32l4xx_hal_cortex.o
 .text.__NVIC_GetPriorityGrouping
                0x0000000008003280       0x1c ./Drivers/STM32L4xx_HAL_Driver/Src/stm32l4xx_hal_cortex.o
 .text.__NVIC_EnableIRQ
                0x000000000800329c       0x3c ./Drivers/STM32L4xx_HAL_Driver/Src/stm32l4xx_hal_cortex.o
 .text.__NVIC_SetPriority
                0x00000000080032d8       0x54 ./Drivers/STM32L4xx_HAL_Driver/Src/stm32l4xx_hal_cortex.o
 .text.NVIC_EncodePriority
                0x000000000800332c       0x66 ./Drivers/STM32L4xx_HAL_Driver/Src/stm32l4xx_hal_cortex.o
 .text.HAL_NVIC_SetPriorityGrouping
                0x0000000008003392       0x16 ./Drivers/STM32L4xx_HAL_Driver/Src/stm32l4xx_hal_cortex.o
                0x0000000008003392                HAL_NVIC_SetPriorityGrouping
 .text.HAL_NVIC_SetPriority
                0x00000000080033a8       0x38 ./Drivers/STM32L4xx_HAL_Driver/Src/stm32l4xx_hal_cortex.o
                0x00000000080033a8                HAL_NVIC_SetPriority
 .text.HAL_NVIC_EnableIRQ
                0x00000000080033e0       0x1c ./Drivers/STM32L4xx_HAL_Driver/Src/stm32l4xx_hal_cortex.o
                0x00000000080033e0                HAL_NVIC_EnableIRQ
 .text.HAL_DAC_Init
                0x00000000080033fc       0x44 ./Drivers/STM32L4xx_HAL_Driver/Src/stm32l4xx_hal_dac.o
                0x00000000080033fc                HAL_DAC_Init
 .text.HAL_DAC_IRQHandler
                0x0000000008003440       0xb4 ./Drivers/STM32L4xx_HAL_Driver/Src/stm32l4xx_hal_dac.o
                0x0000000008003440                HAL_DAC_IRQHandler
 .text.HAL_DAC_DMAUnderrunCallbackCh1
                0x00000000080034f4       0x14 ./Drivers/STM32L4xx_HAL_Driver/Src/stm32l4xx_hal_dac.o
                0x00000000080034f4                HAL_DAC_DMAUnderrunCallbackCh1
 .text.HAL_DAC_ConfigChannel
                0x0000000008003508      0x234 ./Drivers/STM32L4xx_HAL_Driver/Src/stm32l4xx_hal_dac.o
                0x0000000008003508                HAL_DAC_ConfigChannel
 .text.HAL_DACEx_DMAUnderrunCallbackCh2
                0x000000000800373c       0x14 ./Drivers/STM32L4xx_HAL_Driver/Src/stm32l4xx_hal_dac_ex.o
                0x000000000800373c                HAL_DACEx_DMAUnderrunCallbackCh2
 .text.HAL_GPIO_Init
                0x0000000008003750      0x354 ./Drivers/STM32L4xx_HAL_Driver/Src/stm32l4xx_hal_gpio.o
                0x0000000008003750                HAL_GPIO_Init
 .text.HAL_GPIO_WritePin
                0x0000000008003aa4       0x30 ./Drivers/STM32L4xx_HAL_Driver/Src/stm32l4xx_hal_gpio.o
                0x0000000008003aa4                HAL_GPIO_WritePin
 .text.HAL_GPIO_TogglePin
                0x0000000008003ad4       0x34 ./Drivers/STM32L4xx_HAL_Driver/Src/stm32l4xx_hal_gpio.o
                0x0000000008003ad4                HAL_GPIO_TogglePin
 .text.HAL_HCD_Init
                0x0000000008003b08       0xc4 ./Drivers/STM32L4xx_HAL_Driver/Src/stm32l4xx_hal_hcd.o
                0x0000000008003b08                HAL_HCD_Init
 .text.HAL_HCD_IRQHandler
                0x0000000008003bcc      0x216 ./Drivers/STM32L4xx_HAL_Driver/Src/stm32l4xx_hal_hcd.o
                0x0000000008003bcc                HAL_HCD_IRQHandler
 .text.HAL_HCD_SOF_Callback
                0x0000000008003de2       0x14 ./Drivers/STM32L4xx_HAL_Driver/Src/stm32l4xx_hal_hcd.o
                0x0000000008003de2                HAL_HCD_SOF_Callback
 .text.HAL_HCD_Connect_Callback
                0x0000000008003df6       0x14 ./Drivers/STM32L4xx_HAL_Driver/Src/stm32l4xx_hal_hcd.o
                0x0000000008003df6                HAL_HCD_Connect_Callback
 .text.HAL_HCD_Disconnect_Callback
                0x0000000008003e0a       0x14 ./Drivers/STM32L4xx_HAL_Driver/Src/stm32l4xx_hal_hcd.o
                0x0000000008003e0a                HAL_HCD_Disconnect_Callback
 .text.HAL_HCD_PortEnabled_Callback
                0x0000000008003e1e       0x14 ./Drivers/STM32L4xx_HAL_Driver/Src/stm32l4xx_hal_hcd.o
                0x0000000008003e1e                HAL_HCD_PortEnabled_Callback
 .text.HAL_HCD_PortDisabled_Callback
                0x0000000008003e32       0x14 ./Drivers/STM32L4xx_HAL_Driver/Src/stm32l4xx_hal_hcd.o
                0x0000000008003e32                HAL_HCD_PortDisabled_Callback
 .text.HAL_HCD_HC_NotifyURBChange_Callback
                0x0000000008003e46       0x1c ./Drivers/STM32L4xx_HAL_Driver/Src/stm32l4xx_hal_hcd.o
                0x0000000008003e46                HAL_HCD_HC_NotifyURBChange_Callback
 .text.HCD_HC_IN_IRQHandler
                0x0000000008003e62      0x666 ./Drivers/STM32L4xx_HAL_Driver/Src/stm32l4xx_hal_hcd.o
 .text.HCD_HC_OUT_IRQHandler
                0x00000000080044c8      0x604 ./Drivers/STM32L4xx_HAL_Driver/Src/stm32l4xx_hal_hcd.o
 .text.HCD_RXQLVL_IRQHandler
                0x0000000008004acc      0x1a4 ./Drivers/STM32L4xx_HAL_Driver/Src/stm32l4xx_hal_hcd.o
 .text.HCD_Port_IRQHandler
                0x0000000008004c70       0xe6 ./Drivers/STM32L4xx_HAL_Driver/Src/stm32l4xx_hal_hcd.o
 .text.HAL_I2C_Init
                0x0000000008004d56      0x11e ./Drivers/STM32L4xx_HAL_Driver/Src/stm32l4xx_hal_i2c.o
                0x0000000008004d56                HAL_I2C_Init
 .text.HAL_I2CEx_ConfigAnalogFilter
                0x0000000008004e74       0x96 ./Drivers/STM32L4xx_HAL_Driver/Src/stm32l4xx_hal_i2c_ex.o
                0x0000000008004e74                HAL_I2CEx_ConfigAnalogFilter
 .text.HAL_I2CEx_ConfigDigitalFilter
                0x0000000008004f0a       0x98 ./Drivers/STM32L4xx_HAL_Driver/Src/stm32l4xx_hal_i2c_ex.o
                0x0000000008004f0a                HAL_I2CEx_ConfigDigitalFilter
 *fill*         0x0000000008004fa2        0x2 
 .text.HAL_NOR_Init
                0x0000000008004fa4      0x148 ./Drivers/STM32L4xx_HAL_Driver/Src/stm32l4xx_hal_nor.o
                0x0000000008004fa4                HAL_NOR_Init
 .text.HAL_NOR_ReturnToReadMode
                0x00000000080050ec       0xd0 ./Drivers/STM32L4xx_HAL_Driver/Src/stm32l4xx_hal_nor.o
                0x00000000080050ec                HAL_NOR_ReturnToReadMode
 .text.HAL_OPAMP_Init
                0x00000000080051bc      0x1ac ./Drivers/STM32L4xx_HAL_Driver/Src/stm32l4xx_hal_opamp.o
                0x00000000080051bc                HAL_OPAMP_Init
 .text.HAL_PWREx_GetVoltageRange
                0x0000000008005368       0x1c ./Drivers/STM32L4xx_HAL_Driver/Src/stm32l4xx_hal_pwr_ex.o
                0x0000000008005368                HAL_PWREx_GetVoltageRange
 .text.HAL_PWREx_ControlVoltageScaling
                0x0000000008005384       0xac ./Drivers/STM32L4xx_HAL_Driver/Src/stm32l4xx_hal_pwr_ex.o
                0x0000000008005384                HAL_PWREx_ControlVoltageScaling
 .text.HAL_PWREx_EnableVddUSB
                0x0000000008005430       0x20 ./Drivers/STM32L4xx_HAL_Driver/Src/stm32l4xx_hal_pwr_ex.o
                0x0000000008005430                HAL_PWREx_EnableVddUSB
 .text.HAL_PWREx_EnableVddIO2
                0x0000000008005450       0x20 ./Drivers/STM32L4xx_HAL_Driver/Src/stm32l4xx_hal_pwr_ex.o
                0x0000000008005450                HAL_PWREx_EnableVddIO2
 .text.HAL_RCC_OscConfig
                0x0000000008005470      0x7b8 ./Drivers/STM32L4xx_HAL_Driver/Src/stm32l4xx_hal_rcc.o
                0x0000000008005470                HAL_RCC_OscConfig
 .text.HAL_RCC_ClockConfig
                0x0000000008005c28      0x200 ./Drivers/STM32L4xx_HAL_Driver/Src/stm32l4xx_hal_rcc.o
                0x0000000008005c28                HAL_RCC_ClockConfig
 .text.HAL_RCC_GetSysClockFreq
                0x0000000008005e28      0x118 ./Drivers/STM32L4xx_HAL_Driver/Src/stm32l4xx_hal_rcc.o
                0x0000000008005e28                HAL_RCC_GetSysClockFreq
 .text.HAL_RCC_GetHCLKFreq
                0x0000000008005f40       0x18 ./Drivers/STM32L4xx_HAL_Driver/Src/stm32l4xx_hal_rcc.o
                0x0000000008005f40                HAL_RCC_GetHCLKFreq
 .text.HAL_RCC_GetPCLK1Freq
                0x0000000008005f58       0x2c ./Drivers/STM32L4xx_HAL_Driver/Src/stm32l4xx_hal_rcc.o
                0x0000000008005f58                HAL_RCC_GetPCLK1Freq
 .text.HAL_RCC_GetPCLK2Freq
                0x0000000008005f84       0x2c ./Drivers/STM32L4xx_HAL_Driver/Src/stm32l4xx_hal_rcc.o
                0x0000000008005f84                HAL_RCC_GetPCLK2Freq
 .text.HAL_RCC_GetClockConfig
                0x0000000008005fb0       0x64 ./Drivers/STM32L4xx_HAL_Driver/Src/stm32l4xx_hal_rcc.o
                0x0000000008005fb0                HAL_RCC_GetClockConfig
 .text.RCC_SetFlashLatencyFromMSIRange
                0x0000000008006014       0xc0 ./Drivers/STM32L4xx_HAL_Driver/Src/stm32l4xx_hal_rcc.o
 .text.HAL_RCCEx_PeriphCLKConfig
                0x00000000080060d4      0x5d4 ./Drivers/STM32L4xx_HAL_Driver/Src/stm32l4xx_hal_rcc_ex.o
                0x00000000080060d4                HAL_RCCEx_PeriphCLKConfig
 .text.HAL_RCCEx_GetPeriphCLKFreq
                0x00000000080066a8      0xadc ./Drivers/STM32L4xx_HAL_Driver/Src/stm32l4xx_hal_rcc_ex.o
                0x00000000080066a8                HAL_RCCEx_GetPeriphCLKFreq
 .text.RCCEx_PLLSAI1_Config
                0x0000000008007184      0x1e8 ./Drivers/STM32L4xx_HAL_Driver/Src/stm32l4xx_hal_rcc_ex.o
 .text.RCCEx_PLLSAI2_Config
                0x000000000800736c      0x1bc ./Drivers/STM32L4xx_HAL_Driver/Src/stm32l4xx_hal_rcc_ex.o
 .text.RCCEx_GetSAIxPeriphCLKFreq
                0x0000000008007528      0x1e0 ./Drivers/STM32L4xx_HAL_Driver/Src/stm32l4xx_hal_rcc_ex.o
 .text.HAL_SAI_Init
                0x0000000008007708      0x2e4 ./Drivers/STM32L4xx_HAL_Driver/Src/stm32l4xx_hal_sai.o
                0x0000000008007708                HAL_SAI_Init
 .text.SAI_Disable
                0x00000000080079ec       0x74 ./Drivers/STM32L4xx_HAL_Driver/Src/stm32l4xx_hal_sai.o
 .text.HAL_SD_Init
                0x0000000008007a60       0x60 ./Drivers/STM32L4xx_HAL_Driver/Src/stm32l4xx_hal_sd.o
                0x0000000008007a60                HAL_SD_Init
 .text.HAL_SD_InitCard
                0x0000000008007ac0      0x14c ./Drivers/STM32L4xx_HAL_Driver/Src/stm32l4xx_hal_sd.o
                0x0000000008007ac0                HAL_SD_InitCard
 .text.HAL_SD_GetCardCSD
                0x0000000008007c0c      0x348 ./Drivers/STM32L4xx_HAL_Driver/Src/stm32l4xx_hal_sd.o
                0x0000000008007c0c                HAL_SD_GetCardCSD
 .text.HAL_SD_ConfigWideBusOperation
                0x0000000008007f54      0x178 ./Drivers/STM32L4xx_HAL_Driver/Src/stm32l4xx_hal_sd.o
                0x0000000008007f54                HAL_SD_ConfigWideBusOperation
 .text.SD_InitCard
                0x00000000080080cc      0x19c ./Drivers/STM32L4xx_HAL_Driver/Src/stm32l4xx_hal_sd.o
 .text.SD_PowerON
                0x0000000008008268      0x11c ./Drivers/STM32L4xx_HAL_Driver/Src/stm32l4xx_hal_sd.o
 .text.SD_WideBus_Enable
                0x0000000008008384       0x96 ./Drivers/STM32L4xx_HAL_Driver/Src/stm32l4xx_hal_sd.o
 .text.SD_WideBus_Disable
                0x000000000800841a       0x96 ./Drivers/STM32L4xx_HAL_Driver/Src/stm32l4xx_hal_sd.o
 .text.SD_FindSCR
                0x00000000080084b0      0x194 ./Drivers/STM32L4xx_HAL_Driver/Src/stm32l4xx_hal_sd.o
 .text.HAL_SMARTCARD_Init
                0x0000000008008644       0xb6 ./Drivers/STM32L4xx_HAL_Driver/Src/stm32l4xx_hal_smartcard.o
                0x0000000008008644                HAL_SMARTCARD_Init
 *fill*         0x00000000080086fa        0x2 
 .text.SMARTCARD_SetConfig
                0x00000000080086fc      0x31c ./Drivers/STM32L4xx_HAL_Driver/Src/stm32l4xx_hal_smartcard.o
 .text.SMARTCARD_AdvFeatureConfig
                0x0000000008008a18      0x102 ./Drivers/STM32L4xx_HAL_Driver/Src/stm32l4xx_hal_smartcard.o
 .text.SMARTCARD_CheckIdleState
                0x0000000008008b1a       0x8a ./Drivers/STM32L4xx_HAL_Driver/Src/stm32l4xx_hal_smartcard.o
 .text.SMARTCARD_WaitOnFlagUntilTimeout
                0x0000000008008ba4       0x90 ./Drivers/STM32L4xx_HAL_Driver/Src/stm32l4xx_hal_smartcard.o
 .text.HAL_SPI_Init
                0x0000000008008c34      0x146 ./Drivers/STM32L4xx_HAL_Driver/Src/stm32l4xx_hal_spi.o
                0x0000000008008c34                HAL_SPI_Init
 .text.HAL_SRAM_Init
                0x0000000008008d7a       0x90 ./Drivers/STM32L4xx_HAL_Driver/Src/stm32l4xx_hal_sram.o
                0x0000000008008d7a                HAL_SRAM_Init
 .text.HAL_TIM_Base_Init
                0x0000000008008e0a       0xae ./Drivers/STM32L4xx_HAL_Driver/Src/stm32l4xx_hal_tim.o
                0x0000000008008e0a                HAL_TIM_Base_Init
 .text.HAL_TIM_Base_MspInit
                0x0000000008008eb8       0x14 ./Drivers/STM32L4xx_HAL_Driver/Src/stm32l4xx_hal_tim.o
                0x0000000008008eb8                HAL_TIM_Base_MspInit
 .text.HAL_TIM_Base_Start_IT
                0x0000000008008ecc       0xe0 ./Drivers/STM32L4xx_HAL_Driver/Src/stm32l4xx_hal_tim.o
                0x0000000008008ecc                HAL_TIM_Base_Start_IT
 .text.HAL_TIM_IRQHandler
                0x0000000008008fac      0x23e ./Drivers/STM32L4xx_HAL_Driver/Src/stm32l4xx_hal_tim.o
                0x0000000008008fac                HAL_TIM_IRQHandler
 .text.HAL_TIM_OC_DelayElapsedCallback
                0x00000000080091ea       0x14 ./Drivers/STM32L4xx_HAL_Driver/Src/stm32l4xx_hal_tim.o
                0x00000000080091ea                HAL_TIM_OC_DelayElapsedCallback
 .text.HAL_TIM_IC_CaptureCallback
                0x00000000080091fe       0x14 ./Drivers/STM32L4xx_HAL_Driver/Src/stm32l4xx_hal_tim.o
                0x00000000080091fe                HAL_TIM_IC_CaptureCallback
 .text.HAL_TIM_PWM_PulseFinishedCallback
                0x0000000008009212       0x14 ./Drivers/STM32L4xx_HAL_Driver/Src/stm32l4xx_hal_tim.o
                0x0000000008009212                HAL_TIM_PWM_PulseFinishedCallback
 .text.HAL_TIM_TriggerCallback
                0x0000000008009226       0x14 ./Drivers/STM32L4xx_HAL_Driver/Src/stm32l4xx_hal_tim.o
                0x0000000008009226                HAL_TIM_TriggerCallback
 *fill*         0x000000000800923a        0x2 
 .text.TIM_Base_SetConfig
                0x000000000800923c      0x134 ./Drivers/STM32L4xx_HAL_Driver/Src/stm32l4xx_hal_tim.o
                0x000000000800923c                TIM_Base_SetConfig
 .text.HAL_TIMEx_CommutCallback
                0x0000000008009370       0x14 ./Drivers/STM32L4xx_HAL_Driver/Src/stm32l4xx_hal_tim_ex.o
                0x0000000008009370                HAL_TIMEx_CommutCallback
 .text.HAL_TIMEx_BreakCallback
                0x0000000008009384       0x14 ./Drivers/STM32L4xx_HAL_Driver/Src/stm32l4xx_hal_tim_ex.o
                0x0000000008009384                HAL_TIMEx_BreakCallback
 .text.HAL_TIMEx_Break2Callback
                0x0000000008009398       0x14 ./Drivers/STM32L4xx_HAL_Driver/Src/stm32l4xx_hal_tim_ex.o
                0x0000000008009398                HAL_TIMEx_Break2Callback
 .text.HAL_UART_Init
                0x00000000080093ac       0x9c ./Drivers/STM32L4xx_HAL_Driver/Src/stm32l4xx_hal_uart.o
                0x00000000080093ac                HAL_UART_Init
 .text.UART_SetConfig
                0x0000000008009448      0x570 ./Drivers/STM32L4xx_HAL_Driver/Src/stm32l4xx_hal_uart.o
                0x0000000008009448                UART_SetConfig
 .text.UART_AdvFeatureConfig
                0x00000000080099b8      0x144 ./Drivers/STM32L4xx_HAL_Driver/Src/stm32l4xx_hal_uart.o
                0x00000000080099b8                UART_AdvFeatureConfig
 .text.UART_CheckIdleState
                0x0000000008009afc       0x92 ./Drivers/STM32L4xx_HAL_Driver/Src/stm32l4xx_hal_uart.o
                0x0000000008009afc                UART_CheckIdleState
 .text.UART_WaitOnFlagUntilTimeout
                0x0000000008009b8e      0x188 ./Drivers/STM32L4xx_HAL_Driver/Src/stm32l4xx_hal_uart.o
                0x0000000008009b8e                UART_WaitOnFlagUntilTimeout
 *fill*         0x0000000008009d16        0x2 
 .text.FMC_NORSRAM_Init
                0x0000000008009d18       0xf8 ./Drivers/STM32L4xx_HAL_Driver/Src/stm32l4xx_ll_fmc.o
                0x0000000008009d18                FMC_NORSRAM_Init
 .text.FMC_NORSRAM_Timing_Init
                0x0000000008009e10       0xa0 ./Drivers/STM32L4xx_HAL_Driver/Src/stm32l4xx_ll_fmc.o
                0x0000000008009e10                FMC_NORSRAM_Timing_Init
 .text.FMC_NORSRAM_Extended_Timing_Init
                0x0000000008009eb0       0x70 ./Drivers/STM32L4xx_HAL_Driver/Src/stm32l4xx_ll_fmc.o
                0x0000000008009eb0                FMC_NORSRAM_Extended_Timing_Init
 .text.FMC_NORSRAM_WriteOperation_Disable
                0x0000000008009f20       0x2c ./Drivers/STM32L4xx_HAL_Driver/Src/stm32l4xx_ll_fmc.o
                0x0000000008009f20                FMC_NORSRAM_WriteOperation_Disable
 .text.SDMMC_Init
                0x0000000008009f4c       0x5a ./Drivers/STM32L4xx_HAL_Driver/Src/stm32l4xx_ll_sdmmc.o
                0x0000000008009f4c                SDMMC_Init
 .text.SDMMC_ReadFIFO
                0x0000000008009fa6       0x1a ./Drivers/STM32L4xx_HAL_Driver/Src/stm32l4xx_ll_sdmmc.o
                0x0000000008009fa6                SDMMC_ReadFIFO
 .text.SDMMC_PowerState_ON
                0x0000000008009fc0       0x1e ./Drivers/STM32L4xx_HAL_Driver/Src/stm32l4xx_ll_sdmmc.o
                0x0000000008009fc0                SDMMC_PowerState_ON
 .text.SDMMC_GetPowerState
                0x0000000008009fde       0x1c ./Drivers/STM32L4xx_HAL_Driver/Src/stm32l4xx_ll_sdmmc.o
                0x0000000008009fde                SDMMC_GetPowerState
 .text.SDMMC_SendCommand
                0x0000000008009ffa       0x54 ./Drivers/STM32L4xx_HAL_Driver/Src/stm32l4xx_ll_sdmmc.o
                0x0000000008009ffa                SDMMC_SendCommand
 .text.SDMMC_GetCommandResponse
                0x000000000800a04e       0x1a ./Drivers/STM32L4xx_HAL_Driver/Src/stm32l4xx_ll_sdmmc.o
                0x000000000800a04e                SDMMC_GetCommandResponse
 .text.SDMMC_GetResponse
                0x000000000800a068       0x26 ./Drivers/STM32L4xx_HAL_Driver/Src/stm32l4xx_ll_sdmmc.o
                0x000000000800a068                SDMMC_GetResponse
 .text.SDMMC_ConfigData
                0x000000000800a08e       0x58 ./Drivers/STM32L4xx_HAL_Driver/Src/stm32l4xx_ll_sdmmc.o
                0x000000000800a08e                SDMMC_ConfigData
 .text.SDMMC_CmdBlockLength
                0x000000000800a0e6       0x44 ./Drivers/STM32L4xx_HAL_Driver/Src/stm32l4xx_ll_sdmmc.o
                0x000000000800a0e6                SDMMC_CmdBlockLength
 .text.SDMMC_CmdSelDesel
                0x000000000800a12a       0x46 ./Drivers/STM32L4xx_HAL_Driver/Src/stm32l4xx_ll_sdmmc.o
                0x000000000800a12a                SDMMC_CmdSelDesel
 .text.SDMMC_CmdGoIdleState
                0x000000000800a170       0x3c ./Drivers/STM32L4xx_HAL_Driver/Src/stm32l4xx_ll_sdmmc.o
                0x000000000800a170                SDMMC_CmdGoIdleState
 .text.SDMMC_CmdOperCond
                0x000000000800a1ac       0x3e ./Drivers/STM32L4xx_HAL_Driver/Src/stm32l4xx_ll_sdmmc.o
                0x000000000800a1ac                SDMMC_CmdOperCond
 .text.SDMMC_CmdAppCommand
                0x000000000800a1ea       0x44 ./Drivers/STM32L4xx_HAL_Driver/Src/stm32l4xx_ll_sdmmc.o
                0x000000000800a1ea                SDMMC_CmdAppCommand
 .text.SDMMC_CmdAppOperCommand
                0x000000000800a22e       0x46 ./Drivers/STM32L4xx_HAL_Driver/Src/stm32l4xx_ll_sdmmc.o
                0x000000000800a22e                SDMMC_CmdAppOperCommand
 .text.SDMMC_CmdBusWidth
                0x000000000800a274       0x44 ./Drivers/STM32L4xx_HAL_Driver/Src/stm32l4xx_ll_sdmmc.o
                0x000000000800a274                SDMMC_CmdBusWidth
 .text.SDMMC_CmdSendSCR
                0x000000000800a2b8       0x42 ./Drivers/STM32L4xx_HAL_Driver/Src/stm32l4xx_ll_sdmmc.o
                0x000000000800a2b8                SDMMC_CmdSendSCR
 .text.SDMMC_CmdSendCID
                0x000000000800a2fa       0x3c ./Drivers/STM32L4xx_HAL_Driver/Src/stm32l4xx_ll_sdmmc.o
                0x000000000800a2fa                SDMMC_CmdSendCID
 .text.SDMMC_CmdSendCSD
                0x000000000800a336       0x3e ./Drivers/STM32L4xx_HAL_Driver/Src/stm32l4xx_ll_sdmmc.o
                0x000000000800a336                SDMMC_CmdSendCSD
 .text.SDMMC_CmdSetRelAdd
                0x000000000800a374       0x42 ./Drivers/STM32L4xx_HAL_Driver/Src/stm32l4xx_ll_sdmmc.o
                0x000000000800a374                SDMMC_CmdSetRelAdd
 *fill*         0x000000000800a3b6        0x2 
 .text.SDMMC_GetCmdResp1
                0x000000000800a3b8      0x1dc ./Drivers/STM32L4xx_HAL_Driver/Src/stm32l4xx_ll_sdmmc.o
                0x000000000800a3b8                SDMMC_GetCmdResp1
 .text.SDMMC_GetCmdResp2
                0x000000000800a594       0x90 ./Drivers/STM32L4xx_HAL_Driver/Src/stm32l4xx_ll_sdmmc.o
                0x000000000800a594                SDMMC_GetCmdResp2
 .text.SDMMC_GetCmdResp3
                0x000000000800a624       0x7c ./Drivers/STM32L4xx_HAL_Driver/Src/stm32l4xx_ll_sdmmc.o
                0x000000000800a624                SDMMC_GetCmdResp3
 .text.SDMMC_GetCmdResp6
                0x000000000800a6a0       0xec ./Drivers/STM32L4xx_HAL_Driver/Src/stm32l4xx_ll_sdmmc.o
                0x000000000800a6a0                SDMMC_GetCmdResp6
 .text.SDMMC_GetCmdResp7
                0x000000000800a78c       0x9c ./Drivers/STM32L4xx_HAL_Driver/Src/stm32l4xx_ll_sdmmc.o
                0x000000000800a78c                SDMMC_GetCmdResp7
 .text.SDMMC_GetCmdError
                0x000000000800a828       0x58 ./Drivers/STM32L4xx_HAL_Driver/Src/stm32l4xx_ll_sdmmc.o
 .text.USB_CoreInit
                0x000000000800a880       0x58 ./Drivers/STM32L4xx_HAL_Driver/Src/stm32l4xx_ll_usb.o
                0x000000000800a880                USB_CoreInit
 .text.USB_DisableGlobalInt
                0x000000000800a8d8       0x22 ./Drivers/STM32L4xx_HAL_Driver/Src/stm32l4xx_ll_usb.o
                0x000000000800a8d8                USB_DisableGlobalInt
 .text.USB_SetCurrentMode
                0x000000000800a8fa       0x98 ./Drivers/STM32L4xx_HAL_Driver/Src/stm32l4xx_ll_usb.o
                0x000000000800a8fa                USB_SetCurrentMode
 *fill*         0x000000000800a992        0x2 
 .text.USB_FlushTxFifo
                0x000000000800a994       0x68 ./Drivers/STM32L4xx_HAL_Driver/Src/stm32l4xx_ll_usb.o
                0x000000000800a994                USB_FlushTxFifo
 .text.USB_FlushRxFifo
                0x000000000800a9fc       0x60 ./Drivers/STM32L4xx_HAL_Driver/Src/stm32l4xx_ll_usb.o
                0x000000000800a9fc                USB_FlushRxFifo
 .text.USB_ReadPacket
                0x000000000800aa5c       0xb0 ./Drivers/STM32L4xx_HAL_Driver/Src/stm32l4xx_ll_usb.o
                0x000000000800aa5c                USB_ReadPacket
 .text.USB_ReadInterrupts
                0x000000000800ab0c       0x26 ./Drivers/STM32L4xx_HAL_Driver/Src/stm32l4xx_ll_usb.o
                0x000000000800ab0c                USB_ReadInterrupts
 .text.USB_GetMode
                0x000000000800ab32       0x1c ./Drivers/STM32L4xx_HAL_Driver/Src/stm32l4xx_ll_usb.o
                0x000000000800ab32                USB_GetMode
 *fill*         0x000000000800ab4e        0x2 
 .text.USB_CoreReset
                0x000000000800ab50       0x68 ./Drivers/STM32L4xx_HAL_Driver/Src/stm32l4xx_ll_usb.o
 .text.USB_HostInit
                0x000000000800abb8      0x104 ./Drivers/STM32L4xx_HAL_Driver/Src/stm32l4xx_ll_usb.o
                0x000000000800abb8                USB_HostInit
 .text.USB_InitFSLSPClkSel
                0x000000000800acbc       0x74 ./Drivers/STM32L4xx_HAL_Driver/Src/stm32l4xx_ll_usb.o
                0x000000000800acbc                USB_InitFSLSPClkSel
 .text.USB_HC_ReadInterrupt
                0x000000000800ad30       0x22 ./Drivers/STM32L4xx_HAL_Driver/Src/stm32l4xx_ll_usb.o
                0x000000000800ad30                USB_HC_ReadInterrupt
 .text.USB_HC_Halt
                0x000000000800ad52      0x1f8 ./Drivers/STM32L4xx_HAL_Driver/Src/stm32l4xx_ll_usb.o
                0x000000000800ad52                USB_HC_Halt
 *fill*         0x000000000800af4a        0x2 
 .text.__NVIC_SetPriority
                0x000000000800af4c       0x54 ./Middlewares/Third_Party/FreeRTOS/Source/CMSIS_RTOS_V2/cmsis_os2.o
 .text.SysTick_Handler
                0x000000000800afa0       0x20 ./Middlewares/Third_Party/FreeRTOS/Source/CMSIS_RTOS_V2/cmsis_os2.o
                0x000000000800afa0                SysTick_Handler
 .text.SVC_Setup
                0x000000000800afc0       0x12 ./Middlewares/Third_Party/FreeRTOS/Source/CMSIS_RTOS_V2/cmsis_os2.o
 *fill*         0x000000000800afd2        0x2 
 .text.osKernelInitialize
                0x000000000800afd4       0x48 ./Middlewares/Third_Party/FreeRTOS/Source/CMSIS_RTOS_V2/cmsis_os2.o
                0x000000000800afd4                osKernelInitialize
 .text.osKernelStart
                0x000000000800b01c       0x4c ./Middlewares/Third_Party/FreeRTOS/Source/CMSIS_RTOS_V2/cmsis_os2.o
                0x000000000800b01c                osKernelStart
 .text.osThreadNew
                0x000000000800b068      0x124 ./Middlewares/Third_Party/FreeRTOS/Source/CMSIS_RTOS_V2/cmsis_os2.o
                0x000000000800b068                osThreadNew
 .text.osDelay  0x000000000800b18c       0x36 ./Middlewares/Third_Party/FreeRTOS/Source/CMSIS_RTOS_V2/cmsis_os2.o
                0x000000000800b18c                osDelay
 *fill*         0x000000000800b1c2        0x2 
 .text.vApplicationGetIdleTaskMemory
                0x000000000800b1c4       0x34 ./Middlewares/Third_Party/FreeRTOS/Source/CMSIS_RTOS_V2/cmsis_os2.o
                0x000000000800b1c4                vApplicationGetIdleTaskMemory
 .text.vApplicationGetTimerTaskMemory
                0x000000000800b1f8       0x34 ./Middlewares/Third_Party/FreeRTOS/Source/CMSIS_RTOS_V2/cmsis_os2.o
                0x000000000800b1f8                vApplicationGetTimerTaskMemory
 .text.vListInitialise
                0x000000000800b22c       0x40 ./Middlewares/Third_Party/FreeRTOS/Source/list.o
                0x000000000800b22c                vListInitialise
 .text.vListInitialiseItem
                0x000000000800b26c       0x1a ./Middlewares/Third_Party/FreeRTOS/Source/list.o
                0x000000000800b26c                vListInitialiseItem
 .text.vListInsertEnd
                0x000000000800b286       0x48 ./Middlewares/Third_Party/FreeRTOS/Source/list.o
                0x000000000800b286                vListInsertEnd
 .text.vListInsert
                0x000000000800b2ce       0x72 ./Middlewares/Third_Party/FreeRTOS/Source/list.o
                0x000000000800b2ce                vListInsert
 .text.uxListRemove
                0x000000000800b340       0x54 ./Middlewares/Third_Party/FreeRTOS/Source/list.o
                0x000000000800b340                uxListRemove
 .text.xQueueGenericReset
                0x000000000800b394       0xd0 ./Middlewares/Third_Party/FreeRTOS/Source/queue.o
                0x000000000800b394                xQueueGenericReset
 .text.xQueueGenericCreateStatic
                0x000000000800b464       0xf0 ./Middlewares/Third_Party/FreeRTOS/Source/queue.o
                0x000000000800b464                xQueueGenericCreateStatic
 .text.prvInitialiseNewQueue
                0x000000000800b554       0x46 ./Middlewares/Third_Party/FreeRTOS/Source/queue.o
 *fill*         0x000000000800b59a        0x2 
 .text.xQueueGenericSend
                0x000000000800b59c      0x1fc ./Middlewares/Third_Party/FreeRTOS/Source/queue.o
                0x000000000800b59c                xQueueGenericSend
 .text.xQueueGenericSendFromISR
                0x000000000800b798      0x136 ./Middlewares/Third_Party/FreeRTOS/Source/queue.o
                0x000000000800b798                xQueueGenericSendFromISR
 *fill*         0x000000000800b8ce        0x2 
 .text.xQueueReceive
                0x000000000800b8d0      0x1c0 ./Middlewares/Third_Party/FreeRTOS/Source/queue.o
                0x000000000800b8d0                xQueueReceive
 .text.prvCopyDataToQueue
                0x000000000800ba90       0xd4 ./Middlewares/Third_Party/FreeRTOS/Source/queue.o
 .text.prvCopyDataFromQueue
                0x000000000800bb64       0x4c ./Middlewares/Third_Party/FreeRTOS/Source/queue.o
 .text.prvUnlockQueue
                0x000000000800bbb0       0xa4 ./Middlewares/Third_Party/FreeRTOS/Source/queue.o
 .text.prvIsQueueEmpty
                0x000000000800bc54       0x2c ./Middlewares/Third_Party/FreeRTOS/Source/queue.o
 .text.prvIsQueueFull
                0x000000000800bc80       0x30 ./Middlewares/Third_Party/FreeRTOS/Source/queue.o
 .text.vQueueAddToRegistry
                0x000000000800bcb0       0x54 ./Middlewares/Third_Party/FreeRTOS/Source/queue.o
                0x000000000800bcb0                vQueueAddToRegistry
 .text.vQueueWaitForMessageRestricted
                0x000000000800bd04       0x68 ./Middlewares/Third_Party/FreeRTOS/Source/queue.o
                0x000000000800bd04                vQueueWaitForMessageRestricted
 .text.xTaskCreateStatic
                0x000000000800bd6c       0xba ./Middlewares/Third_Party/FreeRTOS/Source/tasks.o
                0x000000000800bd6c                xTaskCreateStatic
 .text.xTaskCreate
                0x000000000800be26       0x8a ./Middlewares/Third_Party/FreeRTOS/Source/tasks.o
                0x000000000800be26                xTaskCreate
 .text.prvInitialiseNewTask
                0x000000000800beb0      0x11e ./Middlewares/Third_Party/FreeRTOS/Source/tasks.o
 *fill*         0x000000000800bfce        0x2 
 .text.prvAddNewTaskToReadyList
                0x000000000800bfd0       0xe0 ./Middlewares/Third_Party/FreeRTOS/Source/tasks.o
 .text.vTaskDelay
                0x000000000800c0b0       0x68 ./Middlewares/Third_Party/FreeRTOS/Source/tasks.o
                0x000000000800c0b0                vTaskDelay
 .text.vTaskStartScheduler
                0x000000000800c118       0xcc ./Middlewares/Third_Party/FreeRTOS/Source/tasks.o
                0x000000000800c118                vTaskStartScheduler
 .text.vTaskSuspendAll
                0x000000000800c1e4       0x1c ./Middlewares/Third_Party/FreeRTOS/Source/tasks.o
                0x000000000800c1e4                vTaskSuspendAll
 .text.xTaskResumeAll
                0x000000000800c200      0x13c ./Middlewares/Third_Party/FreeRTOS/Source/tasks.o
                0x000000000800c200                xTaskResumeAll
 .text.xTaskGetTickCount
                0x000000000800c33c       0x20 ./Middlewares/Third_Party/FreeRTOS/Source/tasks.o
                0x000000000800c33c                xTaskGetTickCount
 .text.xTaskIncrementTick
                0x000000000800c35c      0x174 ./Middlewares/Third_Party/FreeRTOS/Source/tasks.o
                0x000000000800c35c                xTaskIncrementTick
 .text.vTaskSwitchContext
                0x000000000800c4d0       0xbc ./Middlewares/Third_Party/FreeRTOS/Source/tasks.o
                0x000000000800c4d0                vTaskSwitchContext
 .text.vTaskPlaceOnEventList
                0x000000000800c58c       0x48 ./Middlewares/Third_Party/FreeRTOS/Source/tasks.o
                0x000000000800c58c                vTaskPlaceOnEventList
 .text.vTaskPlaceOnEventListRestricted
                0x000000000800c5d4       0x58 ./Middlewares/Third_Party/FreeRTOS/Source/tasks.o
                0x000000000800c5d4                vTaskPlaceOnEventListRestricted
 .text.xTaskRemoveFromEventList
                0x000000000800c62c       0xc8 ./Middlewares/Third_Party/FreeRTOS/Source/tasks.o
                0x000000000800c62c                xTaskRemoveFromEventList
 .text.vTaskInternalSetTimeOutState
                0x000000000800c6f4       0x2c ./Middlewares/Third_Party/FreeRTOS/Source/tasks.o
                0x000000000800c6f4                vTaskInternalSetTimeOutState
 .text.xTaskCheckForTimeOut
                0x000000000800c720       0xc4 ./Middlewares/Third_Party/FreeRTOS/Source/tasks.o
                0x000000000800c720                xTaskCheckForTimeOut
 .text.vTaskMissedYield
                0x000000000800c7e4       0x18 ./Middlewares/Third_Party/FreeRTOS/Source/tasks.o
                0x000000000800c7e4                vTaskMissedYield
 .text.prvIdleTask
                0x000000000800c7fc       0x30 ./Middlewares/Third_Party/FreeRTOS/Source/tasks.o
 .text.prvInitialiseTaskLists
                0x000000000800c82c       0x80 ./Middlewares/Third_Party/FreeRTOS/Source/tasks.o
 .text.prvCheckTasksWaitingTermination
                0x000000000800c8ac       0x5c ./Middlewares/Third_Party/FreeRTOS/Source/tasks.o
 .text.prvDeleteTCB
                0x000000000800c908       0x5e ./Middlewares/Third_Party/FreeRTOS/Source/tasks.o
 *fill*         0x000000000800c966        0x2 
 .text.prvResetNextTaskUnblockTime
                0x000000000800c968       0x40 ./Middlewares/Third_Party/FreeRTOS/Source/tasks.o
 .text.xTaskGetSchedulerState
                0x000000000800c9a8       0x3c ./Middlewares/Third_Party/FreeRTOS/Source/tasks.o
                0x000000000800c9a8                xTaskGetSchedulerState
 .text.xTaskPriorityDisinherit
                0x000000000800c9e4       0xdc ./Middlewares/Third_Party/FreeRTOS/Source/tasks.o
                0x000000000800c9e4                xTaskPriorityDisinherit
 .text.prvAddCurrentTaskToDelayedList
                0x000000000800cac0       0xa8 ./Middlewares/Third_Party/FreeRTOS/Source/tasks.o
 .text.xTimerCreateTimerTask
                0x000000000800cb68       0x90 ./Middlewares/Third_Party/FreeRTOS/Source/timers.o
                0x000000000800cb68                xTimerCreateTimerTask
 .text.xTimerGenericCommand
                0x000000000800cbf8       0x9c ./Middlewares/Third_Party/FreeRTOS/Source/timers.o
                0x000000000800cbf8                xTimerGenericCommand
 .text.prvProcessExpiredTimer
                0x000000000800cc94       0x98 ./Middlewares/Third_Party/FreeRTOS/Source/timers.o
 .text.prvTimerTask
                0x000000000800cd2c       0x24 ./Middlewares/Third_Party/FreeRTOS/Source/timers.o
 .text.prvProcessTimerOrBlockTask
                0x000000000800cd50       0x9c ./Middlewares/Third_Party/FreeRTOS/Source/timers.o
 .text.prvGetNextExpireTime
                0x000000000800cdec       0x48 ./Middlewares/Third_Party/FreeRTOS/Source/timers.o
 .text.prvSampleTimeNow
                0x000000000800ce34       0x40 ./Middlewares/Third_Party/FreeRTOS/Source/timers.o
 .text.prvInsertTimerInActiveList
                0x000000000800ce74       0x84 ./Middlewares/Third_Party/FreeRTOS/Source/timers.o
 .text.prvProcessReceivedCommands
                0x000000000800cef8      0x1c4 ./Middlewares/Third_Party/FreeRTOS/Source/timers.o
 .text.prvSwitchTimerLists
                0x000000000800d0bc       0xc8 ./Middlewares/Third_Party/FreeRTOS/Source/timers.o
 .text.prvCheckForValidListAndQueue
                0x000000000800d184       0x80 ./Middlewares/Third_Party/FreeRTOS/Source/timers.o
 .text.pxPortInitialiseStack
                0x000000000800d204       0x68 ./Middlewares/Third_Party/FreeRTOS/Source/portable/GCC/ARM_CM4F/port.o
                0x000000000800d204                pxPortInitialiseStack
 .text.prvTaskExitError
                0x000000000800d26c       0x58 ./Middlewares/Third_Party/FreeRTOS/Source/portable/GCC/ARM_CM4F/port.o
 *fill*         0x000000000800d2c4        0xc 
 .text.SVC_Handler
                0x000000000800d2d0       0x28 ./Middlewares/Third_Party/FreeRTOS/Source/portable/GCC/ARM_CM4F/port.o
                0x000000000800d2d0                SVC_Handler
 .text.prvPortStartFirstTask
                0x000000000800d2f8       0x28 ./Middlewares/Third_Party/FreeRTOS/Source/portable/GCC/ARM_CM4F/port.o
 .text.xPortStartScheduler
                0x000000000800d320      0x144 ./Middlewares/Third_Party/FreeRTOS/Source/portable/GCC/ARM_CM4F/port.o
                0x000000000800d320                xPortStartScheduler
 .text.vPortEnterCritical
                0x000000000800d464       0x60 ./Middlewares/Third_Party/FreeRTOS/Source/portable/GCC/ARM_CM4F/port.o
                0x000000000800d464                vPortEnterCritical
 .text.vPortExitCritical
                0x000000000800d4c4       0x54 ./Middlewares/Third_Party/FreeRTOS/Source/portable/GCC/ARM_CM4F/port.o
                0x000000000800d4c4                vPortExitCritical
 *fill*         0x000000000800d518        0x8 
 .text.PendSV_Handler
                0x000000000800d520       0x68 ./Middlewares/Third_Party/FreeRTOS/Source/portable/GCC/ARM_CM4F/port.o
                0x000000000800d520                PendSV_Handler
 .text.xPortSysTickHandler
                0x000000000800d588       0x44 ./Middlewares/Third_Party/FreeRTOS/Source/portable/GCC/ARM_CM4F/port.o
                0x000000000800d588                xPortSysTickHandler
 .text.vPortSetupTimerInterrupt
                0x000000000800d5cc       0x48 ./Middlewares/Third_Party/FreeRTOS/Source/portable/GCC/ARM_CM4F/port.o
                0x000000000800d5cc                vPortSetupTimerInterrupt
 .text.vPortEnableVFP
                0x000000000800d614       0x14 ./Middlewares/Third_Party/FreeRTOS/Source/portable/GCC/ARM_CM4F/port.o
 .text.vPortValidateInterruptPriority
                0x000000000800d628       0x80 ./Middlewares/Third_Party/FreeRTOS/Source/portable/GCC/ARM_CM4F/port.o
                0x000000000800d628                vPortValidateInterruptPriority
 .text.pvPortMalloc
                0x000000000800d6a8      0x198 ./Middlewares/Third_Party/FreeRTOS/Source/portable/MemMang/heap_4.o
                0x000000000800d6a8                pvPortMalloc
 .text.vPortFree
                0x000000000800d840       0xc4 ./Middlewares/Third_Party/FreeRTOS/Source/portable/MemMang/heap_4.o
                0x000000000800d840                vPortFree
 .text.prvHeapInit
                0x000000000800d904       0xc4 ./Middlewares/Third_Party/FreeRTOS/Source/portable/MemMang/heap_4.o
 .text.prvInsertBlockIntoFreeList
                0x000000000800d9c8       0xb4 ./Middlewares/Third_Party/FreeRTOS/Source/portable/MemMang/heap_4.o
 .text.__libc_init_array
                0x000000000800da7c       0x48 c:/st/stm32cubeide_1.9.0/stm32cubeide/plugins/com.st.stm32cube.ide.mcu.externaltools.gnu-tools-for-stm32.10.3-2021.10.win32_1.0.0.202111181127/tools/bin/../lib/gcc/arm-none-eabi/10.3.1/../../../../arm-none-eabi/lib/thumb/v7e-m+fp/hard\libc_nano.a(lib_a-init.o)
                0x000000000800da7c                __libc_init_array
 .text.memcpy   0x000000000800dac4       0x1c c:/st/stm32cubeide_1.9.0/stm32cubeide/plugins/com.st.stm32cube.ide.mcu.externaltools.gnu-tools-for-stm32.10.3-2021.10.win32_1.0.0.202111181127/tools/bin/../lib/gcc/arm-none-eabi/10.3.1/../../../../arm-none-eabi/lib/thumb/v7e-m+fp/hard\libc_nano.a(lib_a-memcpy-stub.o)
                0x000000000800dac4                memcpy
 .text.memset   0x000000000800dae0       0x10 c:/st/stm32cubeide_1.9.0/stm32cubeide/plugins/com.st.stm32cube.ide.mcu.externaltools.gnu-tools-for-stm32.10.3-2021.10.win32_1.0.0.202111181127/tools/bin/../lib/gcc/arm-none-eabi/10.3.1/../../../../arm-none-eabi/lib/thumb/v7e-m+fp/hard\libc_nano.a(lib_a-memset.o)
                0x000000000800dae0                memset
 *(.glue_7)
 .glue_7        0x000000000800daf0        0x0 linker stubs
 *(.glue_7t)
 .glue_7t       0x000000000800daf0        0x0 linker stubs
 *(.eh_frame)
 .eh_frame      0x000000000800daf0        0x0 c:/st/stm32cubeide_1.9.0/stm32cubeide/plugins/com.st.stm32cube.ide.mcu.externaltools.gnu-tools-for-stm32.10.3-2021.10.win32_1.0.0.202111181127/tools/bin/../lib/gcc/arm-none-eabi/10.3.1/thumb/v7e-m+fp/hard/crtbegin.o
 *(.init)
 .init          0x000000000800daf0        0x4 c:/st/stm32cubeide_1.9.0/stm32cubeide/plugins/com.st.stm32cube.ide.mcu.externaltools.gnu-tools-for-stm32.10.3-2021.10.win32_1.0.0.202111181127/tools/bin/../lib/gcc/arm-none-eabi/10.3.1/thumb/v7e-m+fp/hard/crti.o
                0x000000000800daf0                _init
 .init          0x000000000800daf4        0x8 c:/st/stm32cubeide_1.9.0/stm32cubeide/plugins/com.st.stm32cube.ide.mcu.externaltools.gnu-tools-for-stm32.10.3-2021.10.win32_1.0.0.202111181127/tools/bin/../lib/gcc/arm-none-eabi/10.3.1/thumb/v7e-m+fp/hard/crtn.o
 *(.fini)
 .fini          0x000000000800dafc        0x4 c:/st/stm32cubeide_1.9.0/stm32cubeide/plugins/com.st.stm32cube.ide.mcu.externaltools.gnu-tools-for-stm32.10.3-2021.10.win32_1.0.0.202111181127/tools/bin/../lib/gcc/arm-none-eabi/10.3.1/thumb/v7e-m+fp/hard/crti.o
                0x000000000800dafc                _fini
 .fini          0x000000000800db00        0x8 c:/st/stm32cubeide_1.9.0/stm32cubeide/plugins/com.st.stm32cube.ide.mcu.externaltools.gnu-tools-for-stm32.10.3-2021.10.win32_1.0.0.202111181127/tools/bin/../lib/gcc/arm-none-eabi/10.3.1/thumb/v7e-m+fp/hard/crtn.o
                0x000000000800db08                . = ALIGN (0x4)
                0x000000000800db08                _etext = .

.vfp11_veneer   0x000000000800db08        0x0
 .vfp11_veneer  0x000000000800db08        0x0 linker stubs

.v4_bx          0x000000000800db08        0x0
 .v4_bx         0x000000000800db08        0x0 linker stubs

.iplt           0x000000000800db08        0x0
 .iplt          0x000000000800db08        0x0 c:/st/stm32cubeide_1.9.0/stm32cubeide/plugins/com.st.stm32cube.ide.mcu.externaltools.gnu-tools-for-stm32.10.3-2021.10.win32_1.0.0.202111181127/tools/bin/../lib/gcc/arm-none-eabi/10.3.1/thumb/v7e-m+fp/hard/crtbegin.o

.rodata         0x000000000800db08       0xb8
                0x000000000800db08                . = ALIGN (0x4)
 *(.rodata)
 .rodata        0x000000000800db08       0x10 ./Core/Src/main.o
 .rodata        0x000000000800db18        0x5 ./Middlewares/Third_Party/FreeRTOS/Source/tasks.o
 *fill*         0x000000000800db1d        0x3 
 .rodata        0x000000000800db20        0xd ./Middlewares/Third_Party/FreeRTOS/Source/timers.o
 *(.rodata*)
 *fill*         0x000000000800db2d        0x3 
 .rodata.blink01_attributes
                0x000000000800db30       0x24 ./Core/Src/main.o
                0x000000000800db30                blink01_attributes
 .rodata.blink02_attributes
                0x000000000800db54       0x24 ./Core/Src/main.o
                0x000000000800db54                blink02_attributes
 .rodata.AHBPrescTable
                0x000000000800db78       0x10 ./Core/Src/system_stm32l4xx.o
                0x000000000800db78                AHBPrescTable
 .rodata.APBPrescTable
                0x000000000800db88        0x8 ./Core/Src/system_stm32l4xx.o
                0x000000000800db88                APBPrescTable
 .rodata.MSIRangeTable
                0x000000000800db90       0x30 ./Core/Src/system_stm32l4xx.o
                0x000000000800db90                MSIRangeTable
                0x000000000800dbc0                . = ALIGN (0x4)

.ARM.extab      0x000000000800dbc0        0x0
                0x000000000800dbc0                . = ALIGN (0x4)
 *(.ARM.extab* .gnu.linkonce.armextab.*)
                0x000000000800dbc0                . = ALIGN (0x4)

.ARM            0x000000000800dbc0        0x8
                0x000000000800dbc0                . = ALIGN (0x4)
                0x000000000800dbc0                __exidx_start = .
 *(.ARM.exidx*)
 .ARM.exidx     0x000000000800dbc0        0x8 c:/st/stm32cubeide_1.9.0/stm32cubeide/plugins/com.st.stm32cube.ide.mcu.externaltools.gnu-tools-for-stm32.10.3-2021.10.win32_1.0.0.202111181127/tools/bin/../lib/gcc/arm-none-eabi/10.3.1/thumb/v7e-m+fp/hard\libgcc.a(_udivmoddi4.o)
                0x000000000800dbc8                __exidx_end = .
                0x000000000800dbc8                . = ALIGN (0x4)

.rel.dyn        0x000000000800dbc8        0x0
 .rel.iplt      0x000000000800dbc8        0x0 c:/st/stm32cubeide_1.9.0/stm32cubeide/plugins/com.st.stm32cube.ide.mcu.externaltools.gnu-tools-for-stm32.10.3-2021.10.win32_1.0.0.202111181127/tools/bin/../lib/gcc/arm-none-eabi/10.3.1/thumb/v7e-m+fp/hard/crtbegin.o

.preinit_array  0x000000000800dbc8        0x0
                0x000000000800dbc8                . = ALIGN (0x4)
                0x000000000800dbc8                PROVIDE (__preinit_array_start = .)
 *(.preinit_array*)
                0x000000000800dbc8                PROVIDE (__preinit_array_end = .)
                0x000000000800dbc8                . = ALIGN (0x4)

.init_array     0x000000000800dbc8        0x4
                0x000000000800dbc8                . = ALIGN (0x4)
                0x000000000800dbc8                PROVIDE (__init_array_start = .)
 *(SORT_BY_NAME(.init_array.*))
 *(.init_array*)
 .init_array    0x000000000800dbc8        0x4 c:/st/stm32cubeide_1.9.0/stm32cubeide/plugins/com.st.stm32cube.ide.mcu.externaltools.gnu-tools-for-stm32.10.3-2021.10.win32_1.0.0.202111181127/tools/bin/../lib/gcc/arm-none-eabi/10.3.1/thumb/v7e-m+fp/hard/crtbegin.o
                0x000000000800dbcc                PROVIDE (__init_array_end = .)
                0x000000000800dbcc                . = ALIGN (0x4)

.fini_array     0x000000000800dbcc        0x4
                0x000000000800dbcc                . = ALIGN (0x4)
                [!provide]                        PROVIDE (__fini_array_start = .)
 *(SORT_BY_NAME(.fini_array.*))
 *(.fini_array*)
 .fini_array    0x000000000800dbcc        0x4 c:/st/stm32cubeide_1.9.0/stm32cubeide/plugins/com.st.stm32cube.ide.mcu.externaltools.gnu-tools-for-stm32.10.3-2021.10.win32_1.0.0.202111181127/tools/bin/../lib/gcc/arm-none-eabi/10.3.1/thumb/v7e-m+fp/hard/crtbegin.o
                [!provide]                        PROVIDE (__fini_array_end = .)
                0x000000000800dbd0                . = ALIGN (0x4)
                0x000000000800dbd0                _sidata = LOADADDR (.data)

.data           0x0000000020000000       0x10 load address 0x000000000800dbd0
                0x0000000020000000                . = ALIGN (0x4)
                0x0000000020000000                _sdata = .
 *(.data)
 *(.data*)
 .data.SystemCoreClock
                0x0000000020000000        0x4 ./Core/Src/system_stm32l4xx.o
                0x0000000020000000                SystemCoreClock
 .data.uwTickPrio
                0x0000000020000004        0x4 ./Drivers/STM32L4xx_HAL_Driver/Src/stm32l4xx_hal.o
                0x0000000020000004                uwTickPrio
 .data.uwTickFreq
                0x0000000020000008        0x1 ./Drivers/STM32L4xx_HAL_Driver/Src/stm32l4xx_hal.o
                0x0000000020000008                uwTickFreq
 *fill*         0x0000000020000009        0x3 
 .data.uxCriticalNesting
                0x000000002000000c        0x4 ./Middlewares/Third_Party/FreeRTOS/Source/portable/GCC/ARM_CM4F/port.o
 *(.RamFunc)
 *(.RamFunc*)
                0x0000000020000010                . = ALIGN (0x4)
                0x0000000020000010                _edata = .

.igot.plt       0x0000000020000010        0x0 load address 0x000000000800dbe0
 .igot.plt      0x0000000020000010        0x0 c:/st/stm32cubeide_1.9.0/stm32cubeide/plugins/com.st.stm32cube.ide.mcu.externaltools.gnu-tools-for-stm32.10.3-2021.10.win32_1.0.0.202111181127/tools/bin/../lib/gcc/arm-none-eabi/10.3.1/thumb/v7e-m+fp/hard/crtbegin.o
                0x0000000020000010                . = ALIGN (0x4)

.bss            0x0000000020000010     0x21f8 load address 0x000000000800dbe0
                0x0000000020000010                _sbss = .
                0x0000000020000010                __bss_start__ = _sbss
 *(.bss)
 .bss           0x0000000020000010       0x1c c:/st/stm32cubeide_1.9.0/stm32cubeide/plugins/com.st.stm32cube.ide.mcu.externaltools.gnu-tools-for-stm32.10.3-2021.10.win32_1.0.0.202111181127/tools/bin/../lib/gcc/arm-none-eabi/10.3.1/thumb/v7e-m+fp/hard/crtbegin.o
 *(.bss*)
 .bss.hadc1     0x000000002000002c       0x64 ./Core/Src/main.o
                0x000000002000002c                hadc1
 .bss.hcan1     0x0000000020000090       0x28 ./Core/Src/main.o
                0x0000000020000090                hcan1
 .bss.hcomp2    0x00000000200000b8       0x2c ./Core/Src/main.o
                0x00000000200000b8                hcomp2
 .bss.hdac1     0x00000000200000e4       0x14 ./Core/Src/main.o
                0x00000000200000e4                hdac1
 .bss.hi2c1     0x00000000200000f8       0x54 ./Core/Src/main.o
                0x00000000200000f8                hi2c1
 .bss.hlpuart1  0x000000002000014c       0x84 ./Core/Src/main.o
                0x000000002000014c                hlpuart1
 .bss.huart1    0x00000000200001d0       0x84 ./Core/Src/main.o
                0x00000000200001d0                huart1
 .bss.hsmartcard3
                0x0000000020000254       0x80 ./Core/Src/main.o
                0x0000000020000254                hsmartcard3
 .bss.hopamp1   0x00000000200002d4       0x34 ./Core/Src/main.o
                0x00000000200002d4                hopamp1
 .bss.hsai_BlockA1
                0x0000000020000308       0x84 ./Core/Src/main.o
                0x0000000020000308                hsai_BlockA1
 .bss.hsai_BlockB1
                0x000000002000038c       0x84 ./Core/Src/main.o
                0x000000002000038c                hsai_BlockB1
 .bss.hsd1      0x0000000020000410       0x84 ./Core/Src/main.o
                0x0000000020000410                hsd1
 .bss.hspi2     0x0000000020000494       0x64 ./Core/Src/main.o
                0x0000000020000494                hspi2
 .bss.hhcd_USB_OTG_FS
                0x00000000200004f8      0x304 ./Core/Src/main.o
                0x00000000200004f8                hhcd_USB_OTG_FS
 .bss.hnor1     0x00000000200007fc       0x50 ./Core/Src/main.o
                0x00000000200007fc                hnor1
 .bss.hsram2    0x000000002000084c       0x50 ./Core/Src/main.o
                0x000000002000084c                hsram2
 .bss.blink01Handle
                0x000000002000089c        0x4 ./Core/Src/main.o
                0x000000002000089c                blink01Handle
 .bss.blink02Handle
                0x00000000200008a0        0x4 ./Core/Src/main.o
                0x00000000200008a0                blink02Handle
 .bss.FMC_Initialized
                0x00000000200008a4        0x4 ./Core/Src/stm32l4xx_hal_msp.o
 .bss.SAI1_client
                0x00000000200008a8        0x4 ./Core/Src/stm32l4xx_hal_msp.o
 .bss.htim7     0x00000000200008ac       0x4c ./Core/Src/stm32l4xx_hal_timebase_tim.o
                0x00000000200008ac                htim7
 .bss.uwTick    0x00000000200008f8        0x4 ./Drivers/STM32L4xx_HAL_Driver/Src/stm32l4xx_hal.o
                0x00000000200008f8                uwTick
 .bss.uwNORMemoryDataWidth
                0x00000000200008fc        0x4 ./Drivers/STM32L4xx_HAL_Driver/Src/stm32l4xx_hal_nor.o
 .bss.KernelState
                0x0000000020000900        0x4 ./Middlewares/Third_Party/FreeRTOS/Source/CMSIS_RTOS_V2/cmsis_os2.o
 .bss.Idle_TCB.3
                0x0000000020000904       0x5c ./Middlewares/Third_Party/FreeRTOS/Source/CMSIS_RTOS_V2/cmsis_os2.o
 .bss.Idle_Stack.2
                0x0000000020000960      0x200 ./Middlewares/Third_Party/FreeRTOS/Source/CMSIS_RTOS_V2/cmsis_os2.o
 .bss.Timer_TCB.1
                0x0000000020000b60       0x5c ./Middlewares/Third_Party/FreeRTOS/Source/CMSIS_RTOS_V2/cmsis_os2.o
 .bss.Timer_Stack.0
                0x0000000020000bbc      0x400 ./Middlewares/Third_Party/FreeRTOS/Source/CMSIS_RTOS_V2/cmsis_os2.o
 .bss.xQueueRegistry
                0x0000000020000fbc       0x40 ./Middlewares/Third_Party/FreeRTOS/Source/queue.o
                0x0000000020000fbc                xQueueRegistry
 .bss.pxCurrentTCB
                0x0000000020000ffc        0x4 ./Middlewares/Third_Party/FreeRTOS/Source/tasks.o
                0x0000000020000ffc                pxCurrentTCB
 .bss.pxReadyTasksLists
                0x0000000020001000      0x460 ./Middlewares/Third_Party/FreeRTOS/Source/tasks.o
 .bss.xDelayedTaskList1
                0x0000000020001460       0x14 ./Middlewares/Third_Party/FreeRTOS/Source/tasks.o
 .bss.xDelayedTaskList2
                0x0000000020001474       0x14 ./Middlewares/Third_Party/FreeRTOS/Source/tasks.o
 .bss.pxDelayedTaskList
                0x0000000020001488        0x4 ./Middlewares/Third_Party/FreeRTOS/Source/tasks.o
 .bss.pxOverflowDelayedTaskList
                0x000000002000148c        0x4 ./Middlewares/Third_Party/FreeRTOS/Source/tasks.o
 .bss.xPendingReadyList
                0x0000000020001490       0x14 ./Middlewares/Third_Party/FreeRTOS/Source/tasks.o
 .bss.xTasksWaitingTermination
                0x00000000200014a4       0x14 ./Middlewares/Third_Party/FreeRTOS/Source/tasks.o
 .bss.uxDeletedTasksWaitingCleanUp
                0x00000000200014b8        0x4 ./Middlewares/Third_Party/FreeRTOS/Source/tasks.o
 .bss.xSuspendedTaskList
                0x00000000200014bc       0x14 ./Middlewares/Third_Party/FreeRTOS/Source/tasks.o
 .bss.uxCurrentNumberOfTasks
                0x00000000200014d0        0x4 ./Middlewares/Third_Party/FreeRTOS/Source/tasks.o
 .bss.xTickCount
                0x00000000200014d4        0x4 ./Middlewares/Third_Party/FreeRTOS/Source/tasks.o
 .bss.uxTopReadyPriority
                0x00000000200014d8        0x4 ./Middlewares/Third_Party/FreeRTOS/Source/tasks.o
 .bss.xSchedulerRunning
                0x00000000200014dc        0x4 ./Middlewares/Third_Party/FreeRTOS/Source/tasks.o
 .bss.xPendedTicks
                0x00000000200014e0        0x4 ./Middlewares/Third_Party/FreeRTOS/Source/tasks.o
 .bss.xYieldPending
                0x00000000200014e4        0x4 ./Middlewares/Third_Party/FreeRTOS/Source/tasks.o
 .bss.xNumOfOverflows
                0x00000000200014e8        0x4 ./Middlewares/Third_Party/FreeRTOS/Source/tasks.o
 .bss.uxTaskNumber
                0x00000000200014ec        0x4 ./Middlewares/Third_Party/FreeRTOS/Source/tasks.o
 .bss.xNextTaskUnblockTime
                0x00000000200014f0        0x4 ./Middlewares/Third_Party/FreeRTOS/Source/tasks.o
 .bss.xIdleTaskHandle
                0x00000000200014f4        0x4 ./Middlewares/Third_Party/FreeRTOS/Source/tasks.o
 .bss.uxSchedulerSuspended
                0x00000000200014f8        0x4 ./Middlewares/Third_Party/FreeRTOS/Source/tasks.o
 .bss.xActiveTimerList1
                0x00000000200014fc       0x14 ./Middlewares/Third_Party/FreeRTOS/Source/timers.o
 .bss.xActiveTimerList2
                0x0000000020001510       0x14 ./Middlewares/Third_Party/FreeRTOS/Source/timers.o
 .bss.pxCurrentTimerList
                0x0000000020001524        0x4 ./Middlewares/Third_Party/FreeRTOS/Source/timers.o
 .bss.pxOverflowTimerList
                0x0000000020001528        0x4 ./Middlewares/Third_Party/FreeRTOS/Source/timers.o
 .bss.xTimerQueue
                0x000000002000152c        0x4 ./Middlewares/Third_Party/FreeRTOS/Source/timers.o
 .bss.xTimerTaskHandle
                0x0000000020001530        0x4 ./Middlewares/Third_Party/FreeRTOS/Source/timers.o
 .bss.xLastTime.2
                0x0000000020001534        0x4 ./Middlewares/Third_Party/FreeRTOS/Source/timers.o
 .bss.ucStaticTimerQueueStorage.1
                0x0000000020001538       0xa0 ./Middlewares/Third_Party/FreeRTOS/Source/timers.o
 .bss.xStaticTimerQueue.0
                0x00000000200015d8       0x50 ./Middlewares/Third_Party/FreeRTOS/Source/timers.o
 .bss.ucMaxSysCallPriority
                0x0000000020001628        0x1 ./Middlewares/Third_Party/FreeRTOS/Source/portable/GCC/ARM_CM4F/port.o
 *fill*         0x0000000020001629        0x3 
 .bss.ulMaxPRIGROUPValue
                0x000000002000162c        0x4 ./Middlewares/Third_Party/FreeRTOS/Source/portable/GCC/ARM_CM4F/port.o
 .bss.ucHeap    0x0000000020001630      0xbb8 ./Middlewares/Third_Party/FreeRTOS/Source/portable/MemMang/heap_4.o
 .bss.xStart    0x00000000200021e8        0x8 ./Middlewares/Third_Party/FreeRTOS/Source/portable/MemMang/heap_4.o
 .bss.pxEnd     0x00000000200021f0        0x4 ./Middlewares/Third_Party/FreeRTOS/Source/portable/MemMang/heap_4.o
 .bss.xFreeBytesRemaining
                0x00000000200021f4        0x4 ./Middlewares/Third_Party/FreeRTOS/Source/portable/MemMang/heap_4.o
 .bss.xMinimumEverFreeBytesRemaining
                0x00000000200021f8        0x4 ./Middlewares/Third_Party/FreeRTOS/Source/portable/MemMang/heap_4.o
 .bss.xNumberOfSuccessfulAllocations
                0x00000000200021fc        0x4 ./Middlewares/Third_Party/FreeRTOS/Source/portable/MemMang/heap_4.o
 .bss.xNumberOfSuccessfulFrees
                0x0000000020002200        0x4 ./Middlewares/Third_Party/FreeRTOS/Source/portable/MemMang/heap_4.o
 .bss.xBlockAllocatedBit
                0x0000000020002204        0x4 ./Middlewares/Third_Party/FreeRTOS/Source/portable/MemMang/heap_4.o
 *(COMMON)
                0x0000000020002208                . = ALIGN (0x4)
                0x0000000020002208                _ebss = .
                0x0000000020002208                __bss_end__ = _ebss

._user_heap_stack
                0x0000000020002208      0x600 load address 0x000000000800dbe0
                0x0000000020002208                . = ALIGN (0x8)
                [!provide]                        PROVIDE (end = .)
                0x0000000020002208                PROVIDE (_end = .)
                0x0000000020002408                . = (. + _Min_Heap_Size)
 *fill*         0x0000000020002208      0x200 
                0x0000000020002808                . = (. + _Min_Stack_Size)
 *fill*         0x0000000020002408      0x400 
                0x0000000020002808                . = ALIGN (0x8)

/DISCARD/
 libc.a(*)
 libm.a(*)
 libgcc.a(*)

.ARM.attributes
                0x0000000000000000       0x30
 *(.ARM.attributes)
 .ARM.attributes
                0x0000000000000000       0x1e c:/st/stm32cubeide_1.9.0/stm32cubeide/plugins/com.st.stm32cube.ide.mcu.externaltools.gnu-tools-for-stm32.10.3-2021.10.win32_1.0.0.202111181127/tools/bin/../lib/gcc/arm-none-eabi/10.3.1/thumb/v7e-m+fp/hard/crti.o
 .ARM.attributes
                0x000000000000001e       0x34 c:/st/stm32cubeide_1.9.0/stm32cubeide/plugins/com.st.stm32cube.ide.mcu.externaltools.gnu-tools-for-stm32.10.3-2021.10.win32_1.0.0.202111181127/tools/bin/../lib/gcc/arm-none-eabi/10.3.1/thumb/v7e-m+fp/hard/crtbegin.o
 .ARM.attributes
                0x0000000000000052       0x34 ./Core/Src/main.o
 .ARM.attributes
                0x0000000000000086       0x34 ./Core/Src/stm32l4xx_hal_msp.o
 .ARM.attributes
                0x00000000000000ba       0x34 ./Core/Src/stm32l4xx_hal_timebase_tim.o
 .ARM.attributes
                0x00000000000000ee       0x34 ./Core/Src/stm32l4xx_it.o
 .ARM.attributes
                0x0000000000000122       0x34 ./Core/Src/system_stm32l4xx.o
 .ARM.attributes
                0x0000000000000156       0x21 ./Core/Startup/startup_stm32l476zgtx.o
 .ARM.attributes
                0x0000000000000177       0x34 ./Drivers/STM32L4xx_HAL_Driver/Src/stm32l4xx_hal.o
 .ARM.attributes
                0x00000000000001ab       0x34 ./Drivers/STM32L4xx_HAL_Driver/Src/stm32l4xx_hal_adc.o
 .ARM.attributes
                0x00000000000001df       0x34 ./Drivers/STM32L4xx_HAL_Driver/Src/stm32l4xx_hal_adc_ex.o
 .ARM.attributes
                0x0000000000000213       0x34 ./Drivers/STM32L4xx_HAL_Driver/Src/stm32l4xx_hal_can.o
 .ARM.attributes
                0x0000000000000247       0x34 ./Drivers/STM32L4xx_HAL_Driver/Src/stm32l4xx_hal_comp.o
 .ARM.attributes
                0x000000000000027b       0x34 ./Drivers/STM32L4xx_HAL_Driver/Src/stm32l4xx_hal_cortex.o
 .ARM.attributes
                0x00000000000002af       0x34 ./Drivers/STM32L4xx_HAL_Driver/Src/stm32l4xx_hal_dac.o
 .ARM.attributes
                0x00000000000002e3       0x34 ./Drivers/STM32L4xx_HAL_Driver/Src/stm32l4xx_hal_dac_ex.o
 .ARM.attributes
                0x0000000000000317       0x34 ./Drivers/STM32L4xx_HAL_Driver/Src/stm32l4xx_hal_gpio.o
 .ARM.attributes
                0x000000000000034b       0x34 ./Drivers/STM32L4xx_HAL_Driver/Src/stm32l4xx_hal_hcd.o
 .ARM.attributes
                0x000000000000037f       0x34 ./Drivers/STM32L4xx_HAL_Driver/Src/stm32l4xx_hal_i2c.o
 .ARM.attributes
                0x00000000000003b3       0x34 ./Drivers/STM32L4xx_HAL_Driver/Src/stm32l4xx_hal_i2c_ex.o
 .ARM.attributes
                0x00000000000003e7       0x34 ./Drivers/STM32L4xx_HAL_Driver/Src/stm32l4xx_hal_nor.o
 .ARM.attributes
                0x000000000000041b       0x34 ./Drivers/STM32L4xx_HAL_Driver/Src/stm32l4xx_hal_opamp.o
 .ARM.attributes
                0x000000000000044f       0x34 ./Drivers/STM32L4xx_HAL_Driver/Src/stm32l4xx_hal_pwr_ex.o
 .ARM.attributes
                0x0000000000000483       0x34 ./Drivers/STM32L4xx_HAL_Driver/Src/stm32l4xx_hal_rcc.o
 .ARM.attributes
                0x00000000000004b7       0x34 ./Drivers/STM32L4xx_HAL_Driver/Src/stm32l4xx_hal_rcc_ex.o
 .ARM.attributes
                0x00000000000004eb       0x34 ./Drivers/STM32L4xx_HAL_Driver/Src/stm32l4xx_hal_sai.o
 .ARM.attributes
                0x000000000000051f       0x34 ./Drivers/STM32L4xx_HAL_Driver/Src/stm32l4xx_hal_sd.o
 .ARM.attributes
                0x0000000000000553       0x34 ./Drivers/STM32L4xx_HAL_Driver/Src/stm32l4xx_hal_smartcard.o
 .ARM.attributes
                0x0000000000000587       0x34 ./Drivers/STM32L4xx_HAL_Driver/Src/stm32l4xx_hal_spi.o
 .ARM.attributes
                0x00000000000005bb       0x34 ./Drivers/STM32L4xx_HAL_Driver/Src/stm32l4xx_hal_sram.o
 .ARM.attributes
                0x00000000000005ef       0x34 ./Drivers/STM32L4xx_HAL_Driver/Src/stm32l4xx_hal_tim.o
 .ARM.attributes
                0x0000000000000623       0x34 ./Drivers/STM32L4xx_HAL_Driver/Src/stm32l4xx_hal_tim_ex.o
 .ARM.attributes
                0x0000000000000657       0x34 ./Drivers/STM32L4xx_HAL_Driver/Src/stm32l4xx_hal_uart.o
 .ARM.attributes
                0x000000000000068b       0x34 ./Drivers/STM32L4xx_HAL_Driver/Src/stm32l4xx_ll_fmc.o
 .ARM.attributes
                0x00000000000006bf       0x34 ./Drivers/STM32L4xx_HAL_Driver/Src/stm32l4xx_ll_sdmmc.o
 .ARM.attributes
                0x00000000000006f3       0x34 ./Drivers/STM32L4xx_HAL_Driver/Src/stm32l4xx_ll_usb.o
 .ARM.attributes
                0x0000000000000727       0x34 ./Middlewares/Third_Party/FreeRTOS/Source/CMSIS_RTOS_V2/cmsis_os2.o
 .ARM.attributes
                0x000000000000075b       0x34 ./Middlewares/Third_Party/FreeRTOS/Source/list.o
 .ARM.attributes
                0x000000000000078f       0x34 ./Middlewares/Third_Party/FreeRTOS/Source/queue.o
 .ARM.attributes
                0x00000000000007c3       0x34 ./Middlewares/Third_Party/FreeRTOS/Source/tasks.o
 .ARM.attributes
                0x00000000000007f7       0x34 ./Middlewares/Third_Party/FreeRTOS/Source/timers.o
 .ARM.attributes
                0x000000000000082b       0x34 ./Middlewares/Third_Party/FreeRTOS/Source/portable/GCC/ARM_CM4F/port.o
 .ARM.attributes
                0x000000000000085f       0x34 ./Middlewares/Third_Party/FreeRTOS/Source/portable/MemMang/heap_4.o
 .ARM.attributes
                0x0000000000000893       0x34 c:/st/stm32cubeide_1.9.0/stm32cubeide/plugins/com.st.stm32cube.ide.mcu.externaltools.gnu-tools-for-stm32.10.3-2021.10.win32_1.0.0.202111181127/tools/bin/../lib/gcc/arm-none-eabi/10.3.1/../../../../arm-none-eabi/lib/thumb/v7e-m+fp/hard\libc_nano.a(lib_a-init.o)
 .ARM.attributes
                0x00000000000008c7       0x34 c:/st/stm32cubeide_1.9.0/stm32cubeide/plugins/com.st.stm32cube.ide.mcu.externaltools.gnu-tools-for-stm32.10.3-2021.10.win32_1.0.0.202111181127/tools/bin/../lib/gcc/arm-none-eabi/10.3.1/../../../../arm-none-eabi/lib/thumb/v7e-m+fp/hard\libc_nano.a(lib_a-memcpy-stub.o)
 .ARM.attributes
                0x00000000000008fb       0x34 c:/st/stm32cubeide_1.9.0/stm32cubeide/plugins/com.st.stm32cube.ide.mcu.externaltools.gnu-tools-for-stm32.10.3-2021.10.win32_1.0.0.202111181127/tools/bin/../lib/gcc/arm-none-eabi/10.3.1/../../../../arm-none-eabi/lib/thumb/v7e-m+fp/hard\libc_nano.a(lib_a-memset.o)
 .ARM.attributes
                0x000000000000092f       0x1e c:/st/stm32cubeide_1.9.0/stm32cubeide/plugins/com.st.stm32cube.ide.mcu.externaltools.gnu-tools-for-stm32.10.3-2021.10.win32_1.0.0.202111181127/tools/bin/../lib/gcc/arm-none-eabi/10.3.1/thumb/v7e-m+fp/hard\libgcc.a(_aeabi_uldivmod.o)
 .ARM.attributes
                0x000000000000094d       0x34 c:/st/stm32cubeide_1.9.0/stm32cubeide/plugins/com.st.stm32cube.ide.mcu.externaltools.gnu-tools-for-stm32.10.3-2021.10.win32_1.0.0.202111181127/tools/bin/../lib/gcc/arm-none-eabi/10.3.1/thumb/v7e-m+fp/hard\libgcc.a(_udivmoddi4.o)
 .ARM.attributes
                0x0000000000000981       0x1e c:/st/stm32cubeide_1.9.0/stm32cubeide/plugins/com.st.stm32cube.ide.mcu.externaltools.gnu-tools-for-stm32.10.3-2021.10.win32_1.0.0.202111181127/tools/bin/../lib/gcc/arm-none-eabi/10.3.1/thumb/v7e-m+fp/hard\libgcc.a(_dvmd_tls.o)
 .ARM.attributes
                0x000000000000099f       0x1e c:/st/stm32cubeide_1.9.0/stm32cubeide/plugins/com.st.stm32cube.ide.mcu.externaltools.gnu-tools-for-stm32.10.3-2021.10.win32_1.0.0.202111181127/tools/bin/../lib/gcc/arm-none-eabi/10.3.1/thumb/v7e-m+fp/hard/crtn.o
OUTPUT(stm32l476g-eval_freeRTOS_threads_blinking.elf elf32-littlearm)
LOAD linker stubs
LOAD c:/st/stm32cubeide_1.9.0/stm32cubeide/plugins/com.st.stm32cube.ide.mcu.externaltools.gnu-tools-for-stm32.10.3-2021.10.win32_1.0.0.202111181127/tools/bin/../lib/gcc/arm-none-eabi/10.3.1/../../../../arm-none-eabi/lib/thumb/v7e-m+fp/hard\libc.a
LOAD c:/st/stm32cubeide_1.9.0/stm32cubeide/plugins/com.st.stm32cube.ide.mcu.externaltools.gnu-tools-for-stm32.10.3-2021.10.win32_1.0.0.202111181127/tools/bin/../lib/gcc/arm-none-eabi/10.3.1/../../../../arm-none-eabi/lib/thumb/v7e-m+fp/hard\libm.a
LOAD c:/st/stm32cubeide_1.9.0/stm32cubeide/plugins/com.st.stm32cube.ide.mcu.externaltools.gnu-tools-for-stm32.10.3-2021.10.win32_1.0.0.202111181127/tools/bin/../lib/gcc/arm-none-eabi/10.3.1/thumb/v7e-m+fp/hard\libgcc.a

.debug_info     0x0000000000000000    0x35e35
 .debug_info    0x0000000000000000     0x411b ./Core/Src/main.o
 .debug_info    0x000000000000411b     0x3be5 ./Core/Src/stm32l4xx_hal_msp.o
 .debug_info    0x0000000000007d00      0xcb4 ./Core/Src/stm32l4xx_hal_timebase_tim.o
 .debug_info    0x00000000000089b4      0xebe ./Core/Src/stm32l4xx_it.o
 .debug_info    0x0000000000009872      0x5c6 ./Core/Src/system_stm32l4xx.o
 .debug_info    0x0000000000009e38       0x22 ./Core/Startup/startup_stm32l476zgtx.o
 .debug_info    0x0000000000009e5a      0xb35 ./Drivers/STM32L4xx_HAL_Driver/Src/stm32l4xx_hal.o
 .debug_info    0x000000000000a98f     0x1e84 ./Drivers/STM32L4xx_HAL_Driver/Src/stm32l4xx_hal_adc.o
 .debug_info    0x000000000000c813     0x1beb ./Drivers/STM32L4xx_HAL_Driver/Src/stm32l4xx_hal_adc_ex.o
 .debug_info    0x000000000000e3fe     0x102c ./Drivers/STM32L4xx_HAL_Driver/Src/stm32l4xx_hal_can.o
 .debug_info    0x000000000000f42a      0x9cc ./Drivers/STM32L4xx_HAL_Driver/Src/stm32l4xx_hal_comp.o
 .debug_info    0x000000000000fdf6      0xe21 ./Drivers/STM32L4xx_HAL_Driver/Src/stm32l4xx_hal_cortex.o
 .debug_info    0x0000000000010c17      0xb17 ./Drivers/STM32L4xx_HAL_Driver/Src/stm32l4xx_hal_dac.o
 .debug_info    0x000000000001172e      0x973 ./Drivers/STM32L4xx_HAL_Driver/Src/stm32l4xx_hal_dac_ex.o
 .debug_info    0x00000000000120a1      0x821 ./Drivers/STM32L4xx_HAL_Driver/Src/stm32l4xx_hal_gpio.o