../Core/Src/main.c:123:5:main	8	static
../Core/Src/main.c:221:6:SystemClock_Config	96	static
../Core/Src/main.c:269:6:PeriphCommonClock_Config	144	static
../Core/Src/main.c:296:13:MX_ADC1_Init	48	static
../Core/Src/main.c:363:13:MX_CAN1_Init	8	static
../Core/Src/main.c:400:13:MX_COMP2_Init	8	static
../Core/Src/main.c:434:13:MX_DAC1_Init	48	static
../Core/Src/main.c:477:13:MX_I2C1_Init	8	static
../Core/Src/main.c:525:13:MX_LPUART1_UART_Init	8	static
../Core/Src/main.c:559:13:MX_USART1_UART_Init	8	static
../Core/Src/main.c:594:13:MX_USART3_SMARTCARD_Init	8	static
../Core/Src/main.c:636:13:MX_OPAMP1_Init	8	static
../Core/Src/main.c:668:13:MX_SAI1_Init	8	static
../Core/Src/main.c:731:13:MX_SDMMC1_SD_Init	8	static
../Core/Src/main.c:767:13:MX_SPI2_Init	8	static
../Core/Src/main.c:807:13:MX_USB_OTG_FS_HCD_Init	8	static
../Core/Src/main.c:834:13:MX_FMC_Init	40	static
../Core/Src/main.c:925:13:MX_GPIO_Init	64	static
../Core/Src/main.c:1015:6:StartBlink01	16	static
../Core/Src/main.c:1035:6:StartBlink02	16	static
../Core/Src/main.c:1056:6:HAL_TIM_PeriodElapsedCallback	16	static
../Core/Src/main.c:1073:6:Error_Handler	4	static,ignoring_inline_asm
