../Core/Src/stm32l4xx_hal_msp.c:63:6:HAL_MspInit	16	static
../Core/Src/stm32l4xx_hal_msp.c:87:6:HAL_ADC_MspInit	48	static
../Core/Src/stm32l4xx_hal_msp.c:127:6:HAL_ADC_MspDeInit	16	static
../Core/Src/stm32l4xx_hal_msp.c:158:6:HAL_CAN_MspInit	48	static
../Core/Src/stm32l4xx_hal_msp.c:194:6:HAL_CAN_MspDeInit	16	static
../Core/Src/stm32l4xx_hal_msp.c:223:6:HAL_COMP_MspInit	40	static
../Core/Src/stm32l4xx_hal_msp.c:262:6:HAL_COMP_MspDeInit	16	static
../Core/Src/stm32l4xx_hal_msp.c:289:6:HAL_DAC_MspInit	48	static
../Core/Src/stm32l4xx_hal_msp.c:325:6:HAL_DAC_MspDeInit	16	static
../Core/Src/stm32l4xx_hal_msp.c:355:6:HAL_I2C_MspInit	184	static
../Core/Src/stm32l4xx_hal_msp.c:402:6:HAL_I2C_MspDeInit	16	static
../Core/Src/stm32l4xx_hal_msp.c:433:6:HAL_UART_MspInit	192	static
../Core/Src/stm32l4xx_hal_msp.c:526:6:HAL_SMARTCARD_MspInit	184	static
../Core/Src/stm32l4xx_hal_msp.c:581:6:HAL_UART_MspDeInit	16	static
../Core/Src/stm32l4xx_hal_msp.c:632:6:HAL_SMARTCARD_MspDeInit	16	static
../Core/Src/stm32l4xx_hal_msp.c:663:6:HAL_OPAMP_MspInit	48	static
../Core/Src/stm32l4xx_hal_msp.c:698:6:HAL_OPAMP_MspDeInit	16	static
../Core/Src/stm32l4xx_hal_msp.c:728:6:HAL_SD_MspInit	184	static
../Core/Src/stm32l4xx_hal_msp.c:788:6:HAL_SD_MspDeInit	16	static
../Core/Src/stm32l4xx_hal_msp.c:824:6:HAL_SPI_MspInit	48	static
../Core/Src/stm32l4xx_hal_msp.c:861:6:HAL_SPI_MspDeInit	16	static
../Core/Src/stm32l4xx_hal_msp.c:891:6:HAL_HCD_MspInit	184	static
../Core/Src/stm32l4xx_hal_msp.c:959:6:HAL_HCD_MspDeInit	24	static
../Core/Src/stm32l4xx_hal_msp.c:1000:13:HAL_FMC_MspInit	32	static
../Core/Src/stm32l4xx_hal_msp.c:1104:6:HAL_NOR_MspInit	16	static
../Core/Src/stm32l4xx_hal_msp.c:1114:6:HAL_SRAM_MspInit	16	static
../Core/Src/stm32l4xx_hal_msp.c:1126:13:HAL_FMC_MspDeInit	8	static
../Core/Src/stm32l4xx_hal_msp.c:1208:6:HAL_NOR_MspDeInit	16	static
../Core/Src/stm32l4xx_hal_msp.c:1218:6:HAL_SRAM_MspDeInit	16	static
../Core/Src/stm32l4xx_hal_msp.c:1230:6:HAL_SAI_MspInit	48	static
../Core/Src/stm32l4xx_hal_msp.c:1280:6:HAL_SAI_MspDeInit	16	static
